
   Index Time          EntryType   Source                 InstanceID Message                                                                                  
   ----- ----          ---------   ------                 ---------- -------                                                                                  
   30084 Aug 05 13:05  Error       VBoxNetLwf             3221487628 The driver detected an internal driver error on \Device\VBoxNetLwf.                      
   30024 Aug 04 14:33  Error       VBoxNetLwf             3221487628 The driver detected an internal driver error on \Device\VBoxNetLwf.                      
   29878 Aug 04 12:39  Error       VBoxNetLwf             3221487628 The driver detected an internal driver error on \Device\VBoxNetLwf.                      
   29850 Aug 04 12:39  Error       EventLog               2147489656 The previous system shutdown at 6:30:17 PM on ‎8/‎3/‎2021 was unexpected.                
   29744 Aug 03 12:30  Error       VBoxNetLwf             3221487628 The driver detected an internal driver error on \Device\VBoxNetLwf.                      
   29707 Aug 02 18:36  Error       Service Control M...   3221232495 The Server service terminated with the following error: ...                              
   29651 Aug 02 18:36  Error       VBoxNetLwf             3221487628 The driver detected an internal driver error on \Device\VBoxNetLwf.                      
   29463 Aug 02 09:07  Error       VBoxNetLwf             3221487628 The driver detected an internal driver error on \Device\VBoxNetLwf.                      
   29438 Jul 31 17:18  Error       VBoxNetLwf             3221487628 The driver detected an internal driver error on \Device\VBoxNetLwf.                      
   29374 Jul 30 17:13  Error       VBoxNetLwf             3221487628 The driver detected an internal driver error on \Device\VBoxNetLwf.                      
   29346 Jul 30 17:13  Error       EventLog               2147489656 The previous system shutdown at 4:36:14 PM on ‎7/‎30/‎2021 was unexpected.               
   29283 Jul 30 09:31  Error       VBoxNetLwf             3221487628 The driver detected an internal driver error on \Device\VBoxNetLwf.                      
   29277 Jul 29 18:41  Error       DCOM                        10010 The description for Event ID '10010' in Source 'DCOM' cannot be found.  The local comp...
   29276 Jul 29 18:41  Error       DCOM                        10010 The description for Event ID '10010' in Source 'DCOM' cannot be found.  The local comp...
   29275 Jul 29 18:41  Error       DCOM                        10010 The description for Event ID '10010' in Source 'DCOM' cannot be found.  The local comp...
   29274 Jul 29 18:41  Error       DCOM                        10010 The description for Event ID '10010' in Source 'DCOM' cannot be found.  The local comp...
   29273 Jul 29 18:41  Error       DCOM                        10010 The description for Event ID '10010' in Source 'DCOM' cannot be found.  The local comp...
   29272 Jul 29 18:41  Error       DCOM                        10010 The description for Event ID '10010' in Source 'DCOM' cannot be found.  The local comp...
   29271 Jul 29 18:41  Error       DCOM                        10010 The description for Event ID '10010' in Source 'DCOM' cannot be found.  The local comp...
   29270 Jul 29 18:41  Error       DCOM                        10010 The description for Event ID '10010' in Source 'DCOM' cannot be found.  The local comp...
   29269 Jul 29 18:41  Error       DCOM                        10010 The description for Event ID '10010' in Source 'DCOM' cannot be found.  The local comp...
   29268 Jul 29 18:41  Error       DCOM                        10010 The description for Event ID '10010' in Source 'DCOM' cannot be found.  The local comp...
   29267 Jul 29 18:41  Error       DCOM                        10010 The description for Event ID '10010' in Source 'DCOM' cannot be found.  The local comp...
   29266 Jul 29 18:41  Error       DCOM                        10010 The description for Event ID '10010' in Source 'DCOM' cannot be found.  The local comp...
   29265 Jul 29 18:41  Error       DCOM                        10010 The description for Event ID '10010' in Source 'DCOM' cannot be found.  The local comp...
   29264 Jul 29 18:41  Error       DCOM                        10010 The description for Event ID '10010' in Source 'DCOM' cannot be found.  The local comp...
   29263 Jul 29 18:41  Error       DCOM                        10010 The description for Event ID '10010' in Source 'DCOM' cannot be found.  The local comp...
   29262 Jul 29 18:41  Error       DCOM                        10010 The description for Event ID '10010' in Source 'DCOM' cannot be found.  The local comp...
   29261 Jul 29 18:41  Error       DCOM                        10010 The description for Event ID '10010' in Source 'DCOM' cannot be found.  The local comp...
   29260 Jul 29 18:41  Error       DCOM                        10010 The description for Event ID '10010' in Source 'DCOM' cannot be found.  The local comp...
   29259 Jul 29 18:41  Error       DCOM                        10010 The description for Event ID '10010' in Source 'DCOM' cannot be found.  The local comp...
   29258 Jul 29 18:41  Error       DCOM                        10010 The description for Event ID '10010' in Source 'DCOM' cannot be found.  The local comp...
   29257 Jul 29 18:41  Error       DCOM                        10010 The description for Event ID '10010' in Source 'DCOM' cannot be found.  The local comp...
   29256 Jul 29 18:41  Error       DCOM                        10010 The description for Event ID '10010' in Source 'DCOM' cannot be found.  The local comp...
   29255 Jul 29 18:41  Error       DCOM                        10010 The description for Event ID '10010' in Source 'DCOM' cannot be found.  The local comp...
   29254 Jul 29 18:41  Error       DCOM                        10010 The description for Event ID '10010' in Source 'DCOM' cannot be found.  The local comp...
   29253 Jul 29 18:41  Error       DCOM                        10010 The description for Event ID '10010' in Source 'DCOM' cannot be found.  The local comp...
   29252 Jul 29 18:41  Error       DCOM                        10010 The description for Event ID '10010' in Source 'DCOM' cannot be found.  The local comp...
   29251 Jul 29 18:41  Error       DCOM                        10010 The description for Event ID '10010' in Source 'DCOM' cannot be found.  The local comp...
   29250 Jul 29 18:41  Error       DCOM                        10010 The description for Event ID '10010' in Source 'DCOM' cannot be found.  The local comp...
   29249 Jul 29 18:41  Error       DCOM                        10010 The description for Event ID '10010' in Source 'DCOM' cannot be found.  The local comp...
   29248 Jul 29 18:41  Error       DCOM                        10010 The description for Event ID '10010' in Source 'DCOM' cannot be found.  The local comp...
   29247 Jul 29 18:41  Error       DCOM                        10010 The description for Event ID '10010' in Source 'DCOM' cannot be found.  The local comp...
   29246 Jul 29 18:41  Error       DCOM                        10010 The description for Event ID '10010' in Source 'DCOM' cannot be found.  The local comp...
   29245 Jul 29 18:41  Error       DCOM                        10010 The description for Event ID '10010' in Source 'DCOM' cannot be found.  The local comp...
   29244 Jul 29 18:41  Error       DCOM                        10010 The description for Event ID '10010' in Source 'DCOM' cannot be found.  The local comp...
   29243 Jul 29 18:41  Error       DCOM                        10010 The description for Event ID '10010' in Source 'DCOM' cannot be found.  The local comp...
   29242 Jul 29 18:41  Error       DCOM                        10010 The description for Event ID '10010' in Source 'DCOM' cannot be found.  The local comp...
   29241 Jul 29 18:41  Error       DCOM                        10010 The description for Event ID '10010' in Source 'DCOM' cannot be found.  The local comp...
   29240 Jul 29 18:41  Error       DCOM                        10010 The description for Event ID '10010' in Source 'DCOM' cannot be found.  The local comp...
   29239 Jul 29 18:41  Error       DCOM                        10010 The description for Event ID '10010' in Source 'DCOM' cannot be found.  The local comp...
   29238 Jul 29 18:41  Error       DCOM                        10010 The description for Event ID '10010' in Source 'DCOM' cannot be found.  The local comp...
   29237 Jul 29 18:41  Error       DCOM                        10010 The description for Event ID '10010' in Source 'DCOM' cannot be found.  The local comp...
   29236 Jul 29 18:41  Error       DCOM                        10010 The description for Event ID '10010' in Source 'DCOM' cannot be found.  The local comp...
   29235 Jul 29 18:41  Error       DCOM                        10010 The description for Event ID '10010' in Source 'DCOM' cannot be found.  The local comp...
   29234 Jul 29 18:41  Error       DCOM                        10010 The description for Event ID '10010' in Source 'DCOM' cannot be found.  The local comp...
   29233 Jul 29 18:41  Error       DCOM                        10010 The description for Event ID '10010' in Source 'DCOM' cannot be found.  The local comp...
   29232 Jul 29 18:41  Error       DCOM                        10010 The description for Event ID '10010' in Source 'DCOM' cannot be found.  The local comp...
   29231 Jul 29 18:41  Error       DCOM                        10010 The description for Event ID '10010' in Source 'DCOM' cannot be found.  The local comp...
   29230 Jul 29 18:41  Error       DCOM                        10010 The description for Event ID '10010' in Source 'DCOM' cannot be found.  The local comp...
   29214 Jul 29 13:04  Error       VBoxNetLwf             3221487628 The driver detected an internal driver error on \Device\VBoxNetLwf.                      
   29177 Jul 28 22:18  Error       VBoxNetLwf             3221487628 The driver detected an internal driver error on \Device\VBoxNetLwf.                      
   29141 Jul 28 13:04  Error       VBoxNetLwf             3221487628 The driver detected an internal driver error on \Device\VBoxNetLwf.                      
   29077 Jul 28 10:06  Error       VBoxNetLwf             3221487628 The driver detected an internal driver error on \Device\VBoxNetLwf.                      
   28969 Jul 28 09:20  Error       VBoxNetLwf             3221487628 The driver detected an internal driver error on \Device\VBoxNetLwf.                      
   28898 Jul 28 09:02  Error       VBoxNetLwf             3221487628 The driver detected an internal driver error on \Device\VBoxNetLwf.                      
   28868 Jul 27 13:01  Error       VBoxNetLwf             3221487628 The driver detected an internal driver error on \Device\VBoxNetLwf.                      
   28798 Jul 27 10:27  Error       VBoxNetLwf             3221487628 The driver detected an internal driver error on \Device\VBoxNetLwf.                      
   28708 Jul 27 08:58  Error       VBoxNetLwf             3221487628 The driver detected an internal driver error on \Device\VBoxNetLwf.                      
   28659 Jul 26 08:44  Error       volsnap                3221618724 The shadow copies of volume C: were aborted because the shadow copy storage could not ...
   28602 Jul 26 08:44  Error       VBoxNetLwf             3221487628 The driver detected an internal driver error on \Device\VBoxNetLwf.                      
   28518 Jul 26 08:35  Error       VBoxNetLwf             3221487628 The driver detected an internal driver error on \Device\VBoxNetLwf.                      
   28393 Jul 25 22:03  Error       volsnap                3221618724 The shadow copies of volume C: were aborted because the shadow copy storage could not ...
   28379 Jul 25 22:00  Error       VBoxNetLwf             3221487628 The driver detected an internal driver error on \Device\VBoxNetLwf.                      
   28348 Jul 19 13:56  Error       VBoxNetLwf             3221487628 The driver detected an internal driver error on \Device\VBoxNetLwf.                      
   28330 Jul 19 13:52  Error       VBoxNetLwf             3221487628 The driver detected an internal driver error on \Device\VBoxNetLwf.                      
   28309 Jul 16 15:33  Error       VBoxNetLwf             3221487628 The driver detected an internal driver error on \Device\VBoxNetLwf.                      
   28282 Jul 16 09:04  Error       volsnap                3221618724 The shadow copies of volume C: were aborted because the shadow copy storage could not ...
   28229 Jul 16 08:58  Error       VBoxNetLwf             3221487628 The driver detected an internal driver error on \Device\VBoxNetLwf.                      
   28192 Jul 15 17:56  Error       Service Control M...   3221232495 The Server service terminated with the following error: ...                              
   28145 Jul 15 17:56  Error       VBoxNetLwf             3221487628 The driver detected an internal driver error on \Device\VBoxNetLwf.                      
   28080 Jul 15 13:58  Error       Microsoft-Windows...           20 Installation Failure: Windows failed to install the following update with error 0x8024...
   27996 Jul 15 12:56  Error       VBoxNetLwf             3221487628 The driver detected an internal driver error on \Device\VBoxNetLwf.                      
   27938 Jul 15 09:06  Error       volsnap                3221618724 The shadow copies of volume C: were aborted because the shadow copy storage could not ...
   27912 Jul 15 08:59  Error       VBoxNetLwf             3221487628 The driver detected an internal driver error on \Device\VBoxNetLwf.                      
   27792 Jul 14 08:52  Error       VBoxNetLwf             3221487628 The driver detected an internal driver error on \Device\VBoxNetLwf.                      
   27695 Jul 13 17:10  Error       VBoxNetLwf             3221487628 The driver detected an internal driver error on \Device\VBoxNetLwf.                      
   27551 Jul 13 08:56  Error       volsnap                3221618724 The shadow copies of volume C: were aborted because the shadow copy storage could not ...
   27545 Jul 13 08:54  Error       volsnap                3221618724 The shadow copies of volume C: were aborted because the shadow copy storage could not ...
   27534 Jul 13 08:52  Error       VBoxNetLwf             3221487628 The driver detected an internal driver error on \Device\VBoxNetLwf.                      
   27443 Jul 12 08:44  Error       VBoxNetLwf             3221487628 The driver detected an internal driver error on \Device\VBoxNetLwf.                      
   27437 Jul 07 12:58  Error       volsnap                3221618724 The shadow copies of volume C: were aborted because the shadow copy storage could not ...
   27326 Jul 07 09:58  Error       VBoxNetLwf             3221487628 The driver detected an internal driver error on \Device\VBoxNetLwf.                      
   27217 Jul 05 12:09  Error       Microsoft-Windows...           20 Installation Failure: Windows failed to install the following update with error 0x8024...
   27214 Jul 05 12:09  Error       volsnap                3221618724 The shadow copies of volume C: were aborted because the shadow copy storage could not ...
   27199 Jul 05 12:08  Error       VBoxNetLwf             3221487628 The driver detected an internal driver error on \Device\VBoxNetLwf.                      
   27015 Jun 24 09:55  Error       VBoxNetLwf             3221487628 The driver detected an internal driver error on \Device\VBoxNetLwf.                      
   26987 Jun 24 09:55  Error       EventLog               2147489656 The previous system shutdown at 9:53:10 AM on ‎6/‎24/‎2021 was unexpected.               
   26932 Jun 24 09:53  Error       VBoxNetLwf             3221487628 The driver detected an internal driver error on \Device\VBoxNetLwf.                      
   26849 Jun 24 09:48  Error       VBoxNetLwf             3221487628 The driver detected an internal driver error on \Device\VBoxNetLwf.                      
   26812 Jun 19 08:27  Error       VBoxNetLwf             3221487628 The driver detected an internal driver error on \Device\VBoxNetLwf.                      
   26681 Jun 18 23:12  Error       VBoxNetLwf             3221487628 The driver detected an internal driver error on \Device\VBoxNetLwf.                      
   26621 Jun 18 22:55  Error       volsnap                3221618724 The shadow copies of volume C: were aborted because the shadow copy storage could not ...
   26604 Jun 18 22:51  Error       volsnap                3221618724 The shadow copies of volume C: were aborted because the shadow copy storage could not ...
   26522 Jun 18 22:50  Error       VBoxNetLwf             3221487628 The driver detected an internal driver error on \Device\VBoxNetLwf.                      
   26390 Jun 18 22:29  Error       volsnap                3221618724 The shadow copies of volume C: were aborted because the shadow copy storage could not ...
   26383 Jun 18 22:28  Error       Microsoft-Windows...           20 Installation Failure: Windows failed to install the following update with error 0x8024...
   26337 Jun 18 22:27  Error       VBoxNetLwf             3221487628 The driver detected an internal driver error on \Device\VBoxNetLwf.                      
   26323 May 27 19:35  Error       VBoxNetLwf             3221487628 The driver detected an internal driver error on \Device\VBoxNetLwf.                      
   26124 May 26 15:48  Error       Netwtw08               3221230477 Intel(R) Wireless-AC 9260 160MHz : Has encountered an internal error and has failed.     
   26123 May 26 15:48  Error       Netwtw08               3221230474 Intel(R) Wireless-AC 9260 160MHz : Has determined that the network adapter is not func...
   25851 May 26 06:59  Error       VBoxNetLwf             3221487628 The driver detected an internal driver error on \Device\VBoxNetLwf.                      
   25822 May 19 23:02  Error       VBoxNetLwf             3221487628 The driver detected an internal driver error on \Device\VBoxNetLwf.                      
   25802 May 18 13:56  Error       VBoxNetLwf             3221487628 The driver detected an internal driver error on \Device\VBoxNetLwf.                      
   25702 May 17 19:24  Error       VBoxNetLwf             3221487628 The driver detected an internal driver error on \Device\VBoxNetLwf.                      
   25636 May 17 19:00  Error       volsnap                3221618724 The shadow copies of volume C: were aborted because the shadow copy storage could not ...
   25560 May 17 18:52  Error       VBoxNetLwf             3221487628 The driver detected an internal driver error on \Device\VBoxNetLwf.                      
   25478 May 17 18:28  Error       Microsoft-Windows...           20 Installation Failure: Windows failed to install the following update with error 0x8007...
   25368 May 17 18:27  Error       VBoxNetLwf             3221487628 The driver detected an internal driver error on \Device\VBoxNetLwf.                      
   25336 May 11 09:40  Error       VBoxNetLwf             3221487628 The driver detected an internal driver error on \Device\VBoxNetLwf.                      
   25187 May 10 09:14  Error       VBoxNetLwf             3221487628 The driver detected an internal driver error on \Device\VBoxNetLwf.                      
   25163 May 07 16:42  Error       VBoxNetLwf             3221487628 The driver detected an internal driver error on \Device\VBoxNetLwf.                      
   25142 May 06 10:02  Error       Microsoft-Windows...           20 Installation Failure: Windows failed to install the following update with error 0x8024...
   25106 May 06 09:58  Error       VBoxNetLwf             3221487628 The driver detected an internal driver error on \Device\VBoxNetLwf.                      
   25092 May 03 01:00  Error       VBoxNetLwf             3221487628 The driver detected an internal driver error on \Device\VBoxNetLwf.                      
   25016 May 03 00:12  Error       volsnap                3221618724 The shadow copies of volume C: were aborted because the shadow copy storage could not ...
   24994 May 02 22:12  Error       VBoxNetLwf             3221487628 The driver detected an internal driver error on \Device\VBoxNetLwf.                      
   24918 Apr 29 10:18  Error       VBoxNetLwf             3221487628 The driver detected an internal driver error on \Device\VBoxNetLwf.                      
   24863 Apr 29 10:04  Error       DCOM                        10010 The description for Event ID '10010' in Source 'DCOM' cannot be found.  The local comp...
   24862 Apr 29 10:03  Error       DCOM                        10010 The description for Event ID '10010' in Source 'DCOM' cannot be found.  The local comp...
   24861 Apr 29 10:03  Error       DCOM                        10010 The description for Event ID '10010' in Source 'DCOM' cannot be found.  The local comp...
   24860 Apr 29 10:02  Error       DCOM                        10010 The description for Event ID '10010' in Source 'DCOM' cannot be found.  The local comp...
   24859 Apr 29 10:02  Error       DCOM                        10010 The description for Event ID '10010' in Source 'DCOM' cannot be found.  The local comp...
   24858 Apr 29 10:01  Error       DCOM                        10010 The description for Event ID '10010' in Source 'DCOM' cannot be found.  The local comp...
   24857 Apr 29 10:01  Error       DCOM                        10010 The description for Event ID '10010' in Source 'DCOM' cannot be found.  The local comp...
   24856 Apr 29 10:00  Error       DCOM                        10010 The description for Event ID '10010' in Source 'DCOM' cannot be found.  The local comp...
   24855 Apr 29 10:00  Error       DCOM                        10010 The description for Event ID '10010' in Source 'DCOM' cannot be found.  The local comp...
   24854 Apr 29 09:59  Error       DCOM                        10010 The description for Event ID '10010' in Source 'DCOM' cannot be found.  The local comp...
   24853 Apr 29 09:59  Error       DCOM                        10010 The description for Event ID '10010' in Source 'DCOM' cannot be found.  The local comp...
   24852 Apr 29 09:58  Error       DCOM                        10010 The description for Event ID '10010' in Source 'DCOM' cannot be found.  The local comp...
   24834 Apr 29 09:27  Error       DCOM                        10010 The description for Event ID '10010' in Source 'DCOM' cannot be found.  The local comp...
   24833 Apr 29 09:27  Error       DCOM                        10010 The description for Event ID '10010' in Source 'DCOM' cannot be found.  The local comp...
   24832 Apr 29 09:26  Error       DCOM                        10010 The description for Event ID '10010' in Source 'DCOM' cannot be found.  The local comp...
   24828 Apr 29 09:23  Error       Service Control M...   3221232503 The Logi Facecam Service service terminated unexpectedly.  It has done this 1 time(s)....
   24823 Apr 29 09:23  Error       VBoxNetLwf             3221487628 The driver detected an internal driver error on \Device\VBoxNetLwf.                      
   24664 Apr 27 05:32  Error       Microsoft-Windows...           20 Installation Failure: Windows failed to install the following update with error 0x8024...
   23944 Apr 22 07:36  Error       VBoxNetLwf             3221487628 The driver detected an internal driver error on \Device\VBoxNetLwf.                      
   23892 Apr 20 10:35  Error       VBoxNetLwf             3221487628 The driver detected an internal driver error on \Device\VBoxNetLwf.                      
   23881 Apr 19 10:31  Error       volsnap                3221618713 The shadow copies of volume C: were deleted because the shadow copy storage could not ...
   23820 Apr 19 09:41  Error       VBoxNetLwf             3221487628 The driver detected an internal driver error on \Device\VBoxNetLwf.                      
   23726 Apr 18 02:00  Error       VBoxNetLwf             3221487628 The driver detected an internal driver error on \Device\VBoxNetLwf.                      
   21898 Apr 16 13:09  Error       VBoxNetLwf             3221487628 The driver detected an internal driver error on \Device\VBoxNetLwf.                      
   21870 Apr 16 13:09  Error       EventLog               2147489656 The previous system shutdown at 11:58:26 AM on ‎4/‎15/‎2021 was unexpected.              
   21858 Apr 16 13:09  Error       Microsoft-Windows...           29 The description for Event ID '29' in Source 'Microsoft-Windows-Kernel-Boot' cannot be ...
   21798 Apr 15 09:42  Error       VBoxNetLwf             3221487628 The driver detected an internal driver error on \Device\VBoxNetLwf.                      
   21494 Apr 14 13:13  Error       Netwtw08               3221230477 Intel(R) Wireless-AC 9260 160MHz : Has encountered an internal error and has failed.     
   21493 Apr 14 13:13  Error       Netwtw08               3221230474 Intel(R) Wireless-AC 9260 160MHz : Has determined that the network adapter is not func...
   21477 Apr 14 11:00  Error       VBoxNetLwf             3221487628 The driver detected an internal driver error on \Device\VBoxNetLwf.                      
   21228 Apr 10 14:56  Error       VBoxNetLwf             3221487628 The driver detected an internal driver error on \Device\VBoxNetLwf.                      
   21200 Apr 10 14:56  Error       EventLog               2147489656 The previous system shutdown at 12:42:55 AM on ‎4/‎10/‎2021 was unexpected.              
   21188 Apr 10 14:56  Error       Microsoft-Windows...           29 The description for Event ID '29' in Source 'Microsoft-Windows-Kernel-Boot' cannot be ...
   21180 Apr 09 22:32  Error       DCOM                        10010 The description for Event ID '10010' in Source 'DCOM' cannot be found.  The local comp...
   21179 Apr 09 22:32  Error       DCOM                        10010 The description for Event ID '10010' in Source 'DCOM' cannot be found.  The local comp...
   21178 Apr 09 22:31  Error       DCOM                        10010 The description for Event ID '10010' in Source 'DCOM' cannot be found.  The local comp...
   21177 Apr 09 22:31  Error       DCOM                        10010 The description for Event ID '10010' in Source 'DCOM' cannot be found.  The local comp...
   21176 Apr 09 22:30  Error       DCOM                        10010 The description for Event ID '10010' in Source 'DCOM' cannot be found.  The local comp...
   21175 Apr 09 22:30  Error       DCOM                        10010 The description for Event ID '10010' in Source 'DCOM' cannot be found.  The local comp...
   21174 Apr 09 22:29  Error       DCOM                        10010 The description for Event ID '10010' in Source 'DCOM' cannot be found.  The local comp...
   21173 Apr 09 22:29  Error       DCOM                        10010 The description for Event ID '10010' in Source 'DCOM' cannot be found.  The local comp...
   21170 Apr 09 20:42  Error       DCOM                        10010 The description for Event ID '10010' in Source 'DCOM' cannot be found.  The local comp...
   21169 Apr 09 20:42  Error       DCOM                        10010 The description for Event ID '10010' in Source 'DCOM' cannot be found.  The local comp...
   21168 Apr 09 20:41  Error       DCOM                        10010 The description for Event ID '10010' in Source 'DCOM' cannot be found.  The local comp...
   21167 Apr 09 20:41  Error       DCOM                        10010 The description for Event ID '10010' in Source 'DCOM' cannot be found.  The local comp...
   21166 Apr 09 20:40  Error       DCOM                        10010 The description for Event ID '10010' in Source 'DCOM' cannot be found.  The local comp...
   21165 Apr 09 20:40  Error       DCOM                        10010 The description for Event ID '10010' in Source 'DCOM' cannot be found.  The local comp...
   21164 Apr 09 20:39  Error       DCOM                        10010 The description for Event ID '10010' in Source 'DCOM' cannot be found.  The local comp...
   21163 Apr 09 20:39  Error       DCOM                        10010 The description for Event ID '10010' in Source 'DCOM' cannot be found.  The local comp...
   21162 Apr 09 20:38  Error       DCOM                        10010 The description for Event ID '10010' in Source 'DCOM' cannot be found.  The local comp...
   21161 Apr 09 20:38  Error       DCOM                        10010 The description for Event ID '10010' in Source 'DCOM' cannot be found.  The local comp...
   21160 Apr 09 20:37  Error       DCOM                        10010 The description for Event ID '10010' in Source 'DCOM' cannot be found.  The local comp...
   21159 Apr 09 20:37  Error       DCOM                        10010 The description for Event ID '10010' in Source 'DCOM' cannot be found.  The local comp...
   21158 Apr 09 20:34  Error       DCOM                        10010 The description for Event ID '10010' in Source 'DCOM' cannot be found.  The local comp...
   21157 Apr 09 20:34  Error       DCOM                        10010 The description for Event ID '10010' in Source 'DCOM' cannot be found.  The local comp...
   21156 Apr 09 20:33  Error       DCOM                        10010 The description for Event ID '10010' in Source 'DCOM' cannot be found.  The local comp...
   21155 Apr 09 20:33  Error       DCOM                        10010 The description for Event ID '10010' in Source 'DCOM' cannot be found.  The local comp...
   21154 Apr 09 20:32  Error       DCOM                        10010 The description for Event ID '10010' in Source 'DCOM' cannot be found.  The local comp...
   21153 Apr 09 20:32  Error       DCOM                        10010 The description for Event ID '10010' in Source 'DCOM' cannot be found.  The local comp...
   21152 Apr 09 20:31  Error       DCOM                        10010 The description for Event ID '10010' in Source 'DCOM' cannot be found.  The local comp...
   21151 Apr 09 20:31  Error       DCOM                        10010 The description for Event ID '10010' in Source 'DCOM' cannot be found.  The local comp...
   21150 Apr 09 20:30  Error       DCOM                        10010 The description for Event ID '10010' in Source 'DCOM' cannot be found.  The local comp...
   21149 Apr 09 20:30  Error       DCOM                        10010 The description for Event ID '10010' in Source 'DCOM' cannot be found.  The local comp...
   21148 Apr 09 20:29  Error       DCOM                        10010 The description for Event ID '10010' in Source 'DCOM' cannot be found.  The local comp...
   21147 Apr 09 20:29  Error       DCOM                        10010 The description for Event ID '10010' in Source 'DCOM' cannot be found.  The local comp...
   21144 Apr 09 18:41  Error       DCOM                        10010 The description for Event ID '10010' in Source 'DCOM' cannot be found.  The local comp...
   21143 Apr 09 18:41  Error       DCOM                        10010 The description for Event ID '10010' in Source 'DCOM' cannot be found.  The local comp...
   21142 Apr 09 18:40  Error       DCOM                        10010 The description for Event ID '10010' in Source 'DCOM' cannot be found.  The local comp...
   21141 Apr 09 18:40  Error       DCOM                        10010 The description for Event ID '10010' in Source 'DCOM' cannot be found.  The local comp...
   21140 Apr 09 18:39  Error       DCOM                        10010 The description for Event ID '10010' in Source 'DCOM' cannot be found.  The local comp...
   21139 Apr 09 18:39  Error       DCOM                        10010 The description for Event ID '10010' in Source 'DCOM' cannot be found.  The local comp...
   21138 Apr 09 18:38  Error       DCOM                        10010 The description for Event ID '10010' in Source 'DCOM' cannot be found.  The local comp...
   21137 Apr 09 18:38  Error       DCOM                        10010 The description for Event ID '10010' in Source 'DCOM' cannot be found.  The local comp...
   21136 Apr 09 18:37  Error       DCOM                        10010 The description for Event ID '10010' in Source 'DCOM' cannot be found.  The local comp...
   21135 Apr 09 18:37  Error       DCOM                        10010 The description for Event ID '10010' in Source 'DCOM' cannot be found.  The local comp...
   21134 Apr 09 18:36  Error       DCOM                        10010 The description for Event ID '10010' in Source 'DCOM' cannot be found.  The local comp...
   21133 Apr 09 18:36  Error       DCOM                        10010 The description for Event ID '10010' in Source 'DCOM' cannot be found.  The local comp...
   21121 Apr 09 16:34  Error       DCOM                        10010 The description for Event ID '10010' in Source 'DCOM' cannot be found.  The local comp...
   21120 Apr 09 16:33  Error       DCOM                        10010 The description for Event ID '10010' in Source 'DCOM' cannot be found.  The local comp...
   21119 Apr 09 16:33  Error       DCOM                        10010 The description for Event ID '10010' in Source 'DCOM' cannot be found.  The local comp...
   21118 Apr 09 16:32  Error       DCOM                        10010 The description for Event ID '10010' in Source 'DCOM' cannot be found.  The local comp...
   21117 Apr 09 16:32  Error       DCOM                        10010 The description for Event ID '10010' in Source 'DCOM' cannot be found.  The local comp...
   21116 Apr 09 16:31  Error       DCOM                        10010 The description for Event ID '10010' in Source 'DCOM' cannot be found.  The local comp...
   21115 Apr 09 16:31  Error       DCOM                        10010 The description for Event ID '10010' in Source 'DCOM' cannot be found.  The local comp...
   21114 Apr 09 16:30  Error       DCOM                        10010 The description for Event ID '10010' in Source 'DCOM' cannot be found.  The local comp...
   21113 Apr 09 16:30  Error       DCOM                        10010 The description for Event ID '10010' in Source 'DCOM' cannot be found.  The local comp...
   21112 Apr 09 16:29  Error       DCOM                        10010 The description for Event ID '10010' in Source 'DCOM' cannot be found.  The local comp...
   21111 Apr 09 16:29  Error       DCOM                        10010 The description for Event ID '10010' in Source 'DCOM' cannot be found.  The local comp...
   21110 Apr 09 16:28  Error       DCOM                        10010 The description for Event ID '10010' in Source 'DCOM' cannot be found.  The local comp...
   21109 Apr 09 14:34  Error       DCOM                        10010 The description for Event ID '10010' in Source 'DCOM' cannot be found.  The local comp...
   21108 Apr 09 14:34  Error       DCOM                        10010 The description for Event ID '10010' in Source 'DCOM' cannot be found.  The local comp...
   21107 Apr 09 14:33  Error       DCOM                        10010 The description for Event ID '10010' in Source 'DCOM' cannot be found.  The local comp...
   21106 Apr 09 14:33  Error       DCOM                        10010 The description for Event ID '10010' in Source 'DCOM' cannot be found.  The local comp...
   21105 Apr 09 14:32  Error       DCOM                        10010 The description for Event ID '10010' in Source 'DCOM' cannot be found.  The local comp...
   21104 Apr 09 14:32  Error       DCOM                        10010 The description for Event ID '10010' in Source 'DCOM' cannot be found.  The local comp...
   21103 Apr 09 14:31  Error       DCOM                        10010 The description for Event ID '10010' in Source 'DCOM' cannot be found.  The local comp...
   21102 Apr 09 14:31  Error       DCOM                        10010 The description for Event ID '10010' in Source 'DCOM' cannot be found.  The local comp...
   21101 Apr 09 14:30  Error       DCOM                        10010 The description for Event ID '10010' in Source 'DCOM' cannot be found.  The local comp...
   21100 Apr 09 14:30  Error       DCOM                        10010 The description for Event ID '10010' in Source 'DCOM' cannot be found.  The local comp...
   21099 Apr 09 14:29  Error       DCOM                        10010 The description for Event ID '10010' in Source 'DCOM' cannot be found.  The local comp...
   21098 Apr 09 14:29  Error       DCOM                        10010 The description for Event ID '10010' in Source 'DCOM' cannot be found.  The local comp...
   21093 Apr 09 12:34  Error       DCOM                        10010 The description for Event ID '10010' in Source 'DCOM' cannot be found.  The local comp...
   21092 Apr 09 12:34  Error       DCOM                        10010 The description for Event ID '10010' in Source 'DCOM' cannot be found.  The local comp...
   21091 Apr 09 12:33  Error       DCOM                        10010 The description for Event ID '10010' in Source 'DCOM' cannot be found.  The local comp...
   21090 Apr 09 12:33  Error       DCOM                        10010 The description for Event ID '10010' in Source 'DCOM' cannot be found.  The local comp...
   21089 Apr 09 12:32  Error       DCOM                        10010 The description for Event ID '10010' in Source 'DCOM' cannot be found.  The local comp...
   21088 Apr 09 12:32  Error       DCOM                        10010 The description for Event ID '10010' in Source 'DCOM' cannot be found.  The local comp...
   21087 Apr 09 12:31  Error       DCOM                        10010 The description for Event ID '10010' in Source 'DCOM' cannot be found.  The local comp...
   21086 Apr 09 12:31  Error       DCOM                        10010 The description for Event ID '10010' in Source 'DCOM' cannot be found.  The local comp...
   21085 Apr 09 12:30  Error       DCOM                        10010 The description for Event ID '10010' in Source 'DCOM' cannot be found.  The local comp...
   21084 Apr 09 12:30  Error       DCOM                        10010 The description for Event ID '10010' in Source 'DCOM' cannot be found.  The local comp...
   21083 Apr 09 12:29  Error       DCOM                        10010 The description for Event ID '10010' in Source 'DCOM' cannot be found.  The local comp...
   21082 Apr 09 12:29  Error       DCOM                        10010 The description for Event ID '10010' in Source 'DCOM' cannot be found.  The local comp...
   21078 Apr 09 10:34  Error       DCOM                        10010 The description for Event ID '10010' in Source 'DCOM' cannot be found.  The local comp...
   21077 Apr 09 10:34  Error       DCOM                        10010 The description for Event ID '10010' in Source 'DCOM' cannot be found.  The local comp...
   21076 Apr 09 10:33  Error       DCOM                        10010 The description for Event ID '10010' in Source 'DCOM' cannot be found.  The local comp...
   21075 Apr 09 10:33  Error       DCOM                        10010 The description for Event ID '10010' in Source 'DCOM' cannot be found.  The local comp...
   21074 Apr 09 10:32  Error       DCOM                        10010 The description for Event ID '10010' in Source 'DCOM' cannot be found.  The local comp...
   21073 Apr 09 10:32  Error       DCOM                        10010 The description for Event ID '10010' in Source 'DCOM' cannot be found.  The local comp...
   21072 Apr 09 10:31  Error       DCOM                        10010 The description for Event ID '10010' in Source 'DCOM' cannot be found.  The local comp...
   21071 Apr 09 10:31  Error       DCOM                        10010 The description for Event ID '10010' in Source 'DCOM' cannot be found.  The local comp...
   21070 Apr 09 10:30  Error       DCOM                        10010 The description for Event ID '10010' in Source 'DCOM' cannot be found.  The local comp...
   21069 Apr 09 10:30  Error       DCOM                        10010 The description for Event ID '10010' in Source 'DCOM' cannot be found.  The local comp...
   21068 Apr 09 10:29  Error       DCOM                        10010 The description for Event ID '10010' in Source 'DCOM' cannot be found.  The local comp...
   21067 Apr 09 10:29  Error       DCOM                        10010 The description for Event ID '10010' in Source 'DCOM' cannot be found.  The local comp...
   21066 Apr 09 08:34  Error       DCOM                        10010 The description for Event ID '10010' in Source 'DCOM' cannot be found.  The local comp...
   21065 Apr 09 08:33  Error       DCOM                        10010 The description for Event ID '10010' in Source 'DCOM' cannot be found.  The local comp...
   21064 Apr 09 08:33  Error       DCOM                        10010 The description for Event ID '10010' in Source 'DCOM' cannot be found.  The local comp...
   21063 Apr 09 08:32  Error       DCOM                        10010 The description for Event ID '10010' in Source 'DCOM' cannot be found.  The local comp...
   21062 Apr 09 08:32  Error       DCOM                        10010 The description for Event ID '10010' in Source 'DCOM' cannot be found.  The local comp...
   21061 Apr 09 08:31  Error       DCOM                        10010 The description for Event ID '10010' in Source 'DCOM' cannot be found.  The local comp...
   21060 Apr 09 08:31  Error       DCOM                        10010 The description for Event ID '10010' in Source 'DCOM' cannot be found.  The local comp...
   21059 Apr 09 08:30  Error       DCOM                        10010 The description for Event ID '10010' in Source 'DCOM' cannot be found.  The local comp...
   21058 Apr 09 08:30  Error       DCOM                        10010 The description for Event ID '10010' in Source 'DCOM' cannot be found.  The local comp...
   21057 Apr 09 08:29  Error       DCOM                        10010 The description for Event ID '10010' in Source 'DCOM' cannot be found.  The local comp...
   21056 Apr 09 08:29  Error       DCOM                        10010 The description for Event ID '10010' in Source 'DCOM' cannot be found.  The local comp...
   21055 Apr 09 08:28  Error       DCOM                        10010 The description for Event ID '10010' in Source 'DCOM' cannot be found.  The local comp...
   21054 Apr 09 06:34  Error       DCOM                        10010 The description for Event ID '10010' in Source 'DCOM' cannot be found.  The local comp...
   21053 Apr 09 06:34  Error       DCOM                        10010 The description for Event ID '10010' in Source 'DCOM' cannot be found.  The local comp...
   21052 Apr 09 06:33  Error       DCOM                        10010 The description for Event ID '10010' in Source 'DCOM' cannot be found.  The local comp...
   21051 Apr 09 06:33  Error       DCOM                        10010 The description for Event ID '10010' in Source 'DCOM' cannot be found.  The local comp...
   21050 Apr 09 06:32  Error       DCOM                        10010 The description for Event ID '10010' in Source 'DCOM' cannot be found.  The local comp...
   21049 Apr 09 06:32  Error       DCOM                        10010 The description for Event ID '10010' in Source 'DCOM' cannot be found.  The local comp...
   21048 Apr 09 06:31  Error       DCOM                        10010 The description for Event ID '10010' in Source 'DCOM' cannot be found.  The local comp...
   21047 Apr 09 06:31  Error       DCOM                        10010 The description for Event ID '10010' in Source 'DCOM' cannot be found.  The local comp...
   21046 Apr 09 06:30  Error       DCOM                        10010 The description for Event ID '10010' in Source 'DCOM' cannot be found.  The local comp...
   21045 Apr 09 06:30  Error       DCOM                        10010 The description for Event ID '10010' in Source 'DCOM' cannot be found.  The local comp...
   21044 Apr 09 06:29  Error       DCOM                        10010 The description for Event ID '10010' in Source 'DCOM' cannot be found.  The local comp...
   21043 Apr 09 06:29  Error       DCOM                        10010 The description for Event ID '10010' in Source 'DCOM' cannot be found.  The local comp...
   21042 Apr 09 04:34  Error       DCOM                        10010 The description for Event ID '10010' in Source 'DCOM' cannot be found.  The local comp...
   21041 Apr 09 04:34  Error       DCOM                        10010 The description for Event ID '10010' in Source 'DCOM' cannot be found.  The local comp...
   21040 Apr 09 04:33  Error       DCOM                        10010 The description for Event ID '10010' in Source 'DCOM' cannot be found.  The local comp...
   21039 Apr 09 04:33  Error       DCOM                        10010 The description for Event ID '10010' in Source 'DCOM' cannot be found.  The local comp...
   21038 Apr 09 04:32  Error       DCOM                        10010 The description for Event ID '10010' in Source 'DCOM' cannot be found.  The local comp...
   21037 Apr 09 04:32  Error       DCOM                        10010 The description for Event ID '10010' in Source 'DCOM' cannot be found.  The local comp...
   21036 Apr 09 04:31  Error       DCOM                        10010 The description for Event ID '10010' in Source 'DCOM' cannot be found.  The local comp...
   21035 Apr 09 04:31  Error       DCOM                        10010 The description for Event ID '10010' in Source 'DCOM' cannot be found.  The local comp...
   21034 Apr 09 04:30  Error       DCOM                        10010 The description for Event ID '10010' in Source 'DCOM' cannot be found.  The local comp...
   21033 Apr 09 04:30  Error       DCOM                        10010 The description for Event ID '10010' in Source 'DCOM' cannot be found.  The local comp...
   21032 Apr 09 04:29  Error       DCOM                        10010 The description for Event ID '10010' in Source 'DCOM' cannot be found.  The local comp...
   21031 Apr 09 04:29  Error       DCOM                        10010 The description for Event ID '10010' in Source 'DCOM' cannot be found.  The local comp...
   21019 Apr 09 03:10  Error       DCOM                        10010 The description for Event ID '10010' in Source 'DCOM' cannot be found.  The local comp...
   21018 Apr 09 03:09  Error       DCOM                        10010 The description for Event ID '10010' in Source 'DCOM' cannot be found.  The local comp...
   21017 Apr 09 03:09  Error       DCOM                        10010 The description for Event ID '10010' in Source 'DCOM' cannot be found.  The local comp...
   21016 Apr 09 02:34  Error       DCOM                        10010 The description for Event ID '10010' in Source 'DCOM' cannot be found.  The local comp...
   21015 Apr 09 02:33  Error       DCOM                        10010 The description for Event ID '10010' in Source 'DCOM' cannot be found.  The local comp...
   21014 Apr 09 02:33  Error       DCOM                        10010 The description for Event ID '10010' in Source 'DCOM' cannot be found.  The local comp...
   21013 Apr 09 02:32  Error       DCOM                        10010 The description for Event ID '10010' in Source 'DCOM' cannot be found.  The local comp...
   21012 Apr 09 02:32  Error       DCOM                        10010 The description for Event ID '10010' in Source 'DCOM' cannot be found.  The local comp...
   21011 Apr 09 02:31  Error       DCOM                        10010 The description for Event ID '10010' in Source 'DCOM' cannot be found.  The local comp...
   21010 Apr 09 02:31  Error       DCOM                        10010 The description for Event ID '10010' in Source 'DCOM' cannot be found.  The local comp...
   21009 Apr 09 02:30  Error       DCOM                        10010 The description for Event ID '10010' in Source 'DCOM' cannot be found.  The local comp...
   21008 Apr 09 02:30  Error       DCOM                        10010 The description for Event ID '10010' in Source 'DCOM' cannot be found.  The local comp...
   21007 Apr 09 02:29  Error       DCOM                        10010 The description for Event ID '10010' in Source 'DCOM' cannot be found.  The local comp...
   21006 Apr 09 02:29  Error       DCOM                        10010 The description for Event ID '10010' in Source 'DCOM' cannot be found.  The local comp...
   21005 Apr 09 02:28  Error       DCOM                        10010 The description for Event ID '10010' in Source 'DCOM' cannot be found.  The local comp...
   21004 Apr 09 00:45  Error       DCOM                        10010 The description for Event ID '10010' in Source 'DCOM' cannot be found.  The local comp...
   21003 Apr 09 00:44  Error       DCOM                        10010 The description for Event ID '10010' in Source 'DCOM' cannot be found.  The local comp...
   21002 Apr 09 00:44  Error       DCOM                        10010 The description for Event ID '10010' in Source 'DCOM' cannot be found.  The local comp...
   21001 Apr 09 00:43  Error       DCOM                        10010 The description for Event ID '10010' in Source 'DCOM' cannot be found.  The local comp...
   21000 Apr 09 00:43  Error       DCOM                        10010 The description for Event ID '10010' in Source 'DCOM' cannot be found.  The local comp...
   20999 Apr 09 00:42  Error       DCOM                        10010 The description for Event ID '10010' in Source 'DCOM' cannot be found.  The local comp...
   20998 Apr 09 00:42  Error       DCOM                        10010 The description for Event ID '10010' in Source 'DCOM' cannot be found.  The local comp...
   20997 Apr 09 00:41  Error       DCOM                        10010 The description for Event ID '10010' in Source 'DCOM' cannot be found.  The local comp...
   20996 Apr 09 00:41  Error       DCOM                        10010 The description for Event ID '10010' in Source 'DCOM' cannot be found.  The local comp...
   20995 Apr 09 00:40  Error       DCOM                        10010 The description for Event ID '10010' in Source 'DCOM' cannot be found.  The local comp...
   20994 Apr 09 00:40  Error       DCOM                        10010 The description for Event ID '10010' in Source 'DCOM' cannot be found.  The local comp...
   20993 Apr 09 00:39  Error       DCOM                        10010 The description for Event ID '10010' in Source 'DCOM' cannot be found.  The local comp...
   20977 Apr 08 22:34  Error       DCOM                        10010 The description for Event ID '10010' in Source 'DCOM' cannot be found.  The local comp...
   20976 Apr 08 22:34  Error       DCOM                        10010 The description for Event ID '10010' in Source 'DCOM' cannot be found.  The local comp...
   20975 Apr 08 22:33  Error       DCOM                        10010 The description for Event ID '10010' in Source 'DCOM' cannot be found.  The local comp...
   20974 Apr 08 22:33  Error       DCOM                        10010 The description for Event ID '10010' in Source 'DCOM' cannot be found.  The local comp...
   20973 Apr 08 22:32  Error       DCOM                        10010 The description for Event ID '10010' in Source 'DCOM' cannot be found.  The local comp...
   20972 Apr 08 22:32  Error       DCOM                        10010 The description for Event ID '10010' in Source 'DCOM' cannot be found.  The local comp...
   20971 Apr 08 22:31  Error       DCOM                        10010 The description for Event ID '10010' in Source 'DCOM' cannot be found.  The local comp...
   20970 Apr 08 22:31  Error       DCOM                        10010 The description for Event ID '10010' in Source 'DCOM' cannot be found.  The local comp...
   20969 Apr 08 22:30  Error       DCOM                        10010 The description for Event ID '10010' in Source 'DCOM' cannot be found.  The local comp...
   20968 Apr 08 22:30  Error       DCOM                        10010 The description for Event ID '10010' in Source 'DCOM' cannot be found.  The local comp...
   20967 Apr 08 22:29  Error       DCOM                        10010 The description for Event ID '10010' in Source 'DCOM' cannot be found.  The local comp...
   20966 Apr 08 22:29  Error       DCOM                        10010 The description for Event ID '10010' in Source 'DCOM' cannot be found.  The local comp...
   20965 Apr 08 20:50  Error       DCOM                        10010 The description for Event ID '10010' in Source 'DCOM' cannot be found.  The local comp...
   20964 Apr 08 20:49  Error       DCOM                        10010 The description for Event ID '10010' in Source 'DCOM' cannot be found.  The local comp...
   20963 Apr 08 20:49  Error       DCOM                        10010 The description for Event ID '10010' in Source 'DCOM' cannot be found.  The local comp...
   20962 Apr 08 20:48  Error       DCOM                        10010 The description for Event ID '10010' in Source 'DCOM' cannot be found.  The local comp...
   20961 Apr 08 20:48  Error       DCOM                        10010 The description for Event ID '10010' in Source 'DCOM' cannot be found.  The local comp...
   20960 Apr 08 20:47  Error       DCOM                        10010 The description for Event ID '10010' in Source 'DCOM' cannot be found.  The local comp...
   20959 Apr 08 20:47  Error       DCOM                        10010 The description for Event ID '10010' in Source 'DCOM' cannot be found.  The local comp...
   20958 Apr 08 20:46  Error       DCOM                        10010 The description for Event ID '10010' in Source 'DCOM' cannot be found.  The local comp...
   20957 Apr 08 20:46  Error       DCOM                        10010 The description for Event ID '10010' in Source 'DCOM' cannot be found.  The local comp...
   20956 Apr 08 20:45  Error       DCOM                        10010 The description for Event ID '10010' in Source 'DCOM' cannot be found.  The local comp...
   20955 Apr 08 20:45  Error       DCOM                        10010 The description for Event ID '10010' in Source 'DCOM' cannot be found.  The local comp...
   20954 Apr 08 20:44  Error       DCOM                        10010 The description for Event ID '10010' in Source 'DCOM' cannot be found.  The local comp...
   20953 Apr 08 20:34  Error       DCOM                        10010 The description for Event ID '10010' in Source 'DCOM' cannot be found.  The local comp...
   20952 Apr 08 20:34  Error       DCOM                        10010 The description for Event ID '10010' in Source 'DCOM' cannot be found.  The local comp...
   20951 Apr 08 20:33  Error       DCOM                        10010 The description for Event ID '10010' in Source 'DCOM' cannot be found.  The local comp...
   20950 Apr 08 20:33  Error       DCOM                        10010 The description for Event ID '10010' in Source 'DCOM' cannot be found.  The local comp...
   20949 Apr 08 20:32  Error       DCOM                        10010 The description for Event ID '10010' in Source 'DCOM' cannot be found.  The local comp...
   20948 Apr 08 20:32  Error       DCOM                        10010 The description for Event ID '10010' in Source 'DCOM' cannot be found.  The local comp...
   20947 Apr 08 20:31  Error       DCOM                        10010 The description for Event ID '10010' in Source 'DCOM' cannot be found.  The local comp...
   20946 Apr 08 20:31  Error       DCOM                        10010 The description for Event ID '10010' in Source 'DCOM' cannot be found.  The local comp...
   20945 Apr 08 20:30  Error       DCOM                        10010 The description for Event ID '10010' in Source 'DCOM' cannot be found.  The local comp...
   20944 Apr 08 20:30  Error       DCOM                        10010 The description for Event ID '10010' in Source 'DCOM' cannot be found.  The local comp...
   20943 Apr 08 20:29  Error       DCOM                        10010 The description for Event ID '10010' in Source 'DCOM' cannot be found.  The local comp...
   20942 Apr 08 20:29  Error       DCOM                        10010 The description for Event ID '10010' in Source 'DCOM' cannot be found.  The local comp...
   20941 Apr 08 18:36  Error       DCOM                        10010 The description for Event ID '10010' in Source 'DCOM' cannot be found.  The local comp...
   20940 Apr 08 18:36  Error       DCOM                        10010 The description for Event ID '10010' in Source 'DCOM' cannot be found.  The local comp...
   20939 Apr 08 18:35  Error       DCOM                        10010 The description for Event ID '10010' in Source 'DCOM' cannot be found.  The local comp...
   20938 Apr 08 18:35  Error       DCOM                        10010 The description for Event ID '10010' in Source 'DCOM' cannot be found.  The local comp...
   20937 Apr 08 18:34  Error       DCOM                        10010 The description for Event ID '10010' in Source 'DCOM' cannot be found.  The local comp...
   20936 Apr 08 18:34  Error       DCOM                        10010 The description for Event ID '10010' in Source 'DCOM' cannot be found.  The local comp...
   20935 Apr 08 18:33  Error       DCOM                        10010 The description for Event ID '10010' in Source 'DCOM' cannot be found.  The local comp...
   20934 Apr 08 18:33  Error       DCOM                        10010 The description for Event ID '10010' in Source 'DCOM' cannot be found.  The local comp...
   20933 Apr 08 18:32  Error       DCOM                        10010 The description for Event ID '10010' in Source 'DCOM' cannot be found.  The local comp...
   20932 Apr 08 18:32  Error       DCOM                        10010 The description for Event ID '10010' in Source 'DCOM' cannot be found.  The local comp...
   20931 Apr 08 18:31  Error       DCOM                        10010 The description for Event ID '10010' in Source 'DCOM' cannot be found.  The local comp...
   20930 Apr 08 18:31  Error       DCOM                        10010 The description for Event ID '10010' in Source 'DCOM' cannot be found.  The local comp...
   20919 Apr 08 16:34  Error       DCOM                        10010 The description for Event ID '10010' in Source 'DCOM' cannot be found.  The local comp...
   20918 Apr 08 16:33  Error       DCOM                        10010 The description for Event ID '10010' in Source 'DCOM' cannot be found.  The local comp...
   20917 Apr 08 16:33  Error       DCOM                        10010 The description for Event ID '10010' in Source 'DCOM' cannot be found.  The local comp...
   20916 Apr 08 16:32  Error       DCOM                        10010 The description for Event ID '10010' in Source 'DCOM' cannot be found.  The local comp...
   20915 Apr 08 16:32  Error       DCOM                        10010 The description for Event ID '10010' in Source 'DCOM' cannot be found.  The local comp...
   20914 Apr 08 16:31  Error       DCOM                        10010 The description for Event ID '10010' in Source 'DCOM' cannot be found.  The local comp...
   20913 Apr 08 16:31  Error       DCOM                        10010 The description for Event ID '10010' in Source 'DCOM' cannot be found.  The local comp...
   20912 Apr 08 16:30  Error       DCOM                        10010 The description for Event ID '10010' in Source 'DCOM' cannot be found.  The local comp...
   20911 Apr 08 16:30  Error       DCOM                        10010 The description for Event ID '10010' in Source 'DCOM' cannot be found.  The local comp...
   20910 Apr 08 16:29  Error       DCOM                        10010 The description for Event ID '10010' in Source 'DCOM' cannot be found.  The local comp...
   20909 Apr 08 16:29  Error       DCOM                        10010 The description for Event ID '10010' in Source 'DCOM' cannot be found.  The local comp...
   20908 Apr 08 16:28  Error       DCOM                        10010 The description for Event ID '10010' in Source 'DCOM' cannot be found.  The local comp...
   20907 Apr 08 15:48  Error       DCOM                        10010 The description for Event ID '10010' in Source 'DCOM' cannot be found.  The local comp...
   20906 Apr 08 15:48  Error       DCOM                        10010 The description for Event ID '10010' in Source 'DCOM' cannot be found.  The local comp...
   20905 Apr 08 15:47  Error       DCOM                        10010 The description for Event ID '10010' in Source 'DCOM' cannot be found.  The local comp...
   20904 Apr 08 15:47  Error       DCOM                        10010 The description for Event ID '10010' in Source 'DCOM' cannot be found.  The local comp...
   20903 Apr 08 15:46  Error       DCOM                        10010 The description for Event ID '10010' in Source 'DCOM' cannot be found.  The local comp...
   20902 Apr 08 15:46  Error       DCOM                        10010 The description for Event ID '10010' in Source 'DCOM' cannot be found.  The local comp...
   20901 Apr 08 15:45  Error       DCOM                        10010 The description for Event ID '10010' in Source 'DCOM' cannot be found.  The local comp...
   20900 Apr 08 15:45  Error       DCOM                        10010 The description for Event ID '10010' in Source 'DCOM' cannot be found.  The local comp...
   20899 Apr 08 15:44  Error       DCOM                        10010 The description for Event ID '10010' in Source 'DCOM' cannot be found.  The local comp...
   20898 Apr 08 15:44  Error       DCOM                        10010 The description for Event ID '10010' in Source 'DCOM' cannot be found.  The local comp...
   20897 Apr 08 15:43  Error       DCOM                        10010 The description for Event ID '10010' in Source 'DCOM' cannot be found.  The local comp...
   20896 Apr 08 15:43  Error       DCOM                        10010 The description for Event ID '10010' in Source 'DCOM' cannot be found.  The local comp...
   20882 Apr 08 04:25  Error       DCOM                        10010 The description for Event ID '10010' in Source 'DCOM' cannot be found.  The local comp...
   20881 Apr 08 04:25  Error       DCOM                        10010 The description for Event ID '10010' in Source 'DCOM' cannot be found.  The local comp...
   20880 Apr 08 04:24  Error       DCOM                        10010 The description for Event ID '10010' in Source 'DCOM' cannot be found.  The local comp...
   20875 Apr 07 20:34  Error       DCOM                        10010 The description for Event ID '10010' in Source 'DCOM' cannot be found.  The local comp...
   20874 Apr 07 20:34  Error       DCOM                        10010 The description for Event ID '10010' in Source 'DCOM' cannot be found.  The local comp...
   20873 Apr 07 20:33  Error       DCOM                        10010 The description for Event ID '10010' in Source 'DCOM' cannot be found.  The local comp...
   20872 Apr 07 20:33  Error       DCOM                        10010 The description for Event ID '10010' in Source 'DCOM' cannot be found.  The local comp...
   20871 Apr 07 20:32  Error       DCOM                        10010 The description for Event ID '10010' in Source 'DCOM' cannot be found.  The local comp...
   20870 Apr 07 20:32  Error       DCOM                        10010 The description for Event ID '10010' in Source 'DCOM' cannot be found.  The local comp...
   20869 Apr 07 20:31  Error       DCOM                        10010 The description for Event ID '10010' in Source 'DCOM' cannot be found.  The local comp...
   20868 Apr 07 20:31  Error       DCOM                        10010 The description for Event ID '10010' in Source 'DCOM' cannot be found.  The local comp...
   20867 Apr 07 20:30  Error       DCOM                        10010 The description for Event ID '10010' in Source 'DCOM' cannot be found.  The local comp...
   20866 Apr 07 20:30  Error       DCOM                        10010 The description for Event ID '10010' in Source 'DCOM' cannot be found.  The local comp...
   20865 Apr 07 20:29  Error       DCOM                        10010 The description for Event ID '10010' in Source 'DCOM' cannot be found.  The local comp...
   20864 Apr 07 20:29  Error       DCOM                        10010 The description for Event ID '10010' in Source 'DCOM' cannot be found.  The local comp...
   20863 Apr 07 19:28  Error       DCOM                        10010 The description for Event ID '10010' in Source 'DCOM' cannot be found.  The local comp...
   20862 Apr 07 19:27  Error       DCOM                        10010 The description for Event ID '10010' in Source 'DCOM' cannot be found.  The local comp...
   20861 Apr 07 19:27  Error       DCOM                        10010 The description for Event ID '10010' in Source 'DCOM' cannot be found.  The local comp...
   20860 Apr 07 19:26  Error       DCOM                        10010 The description for Event ID '10010' in Source 'DCOM' cannot be found.  The local comp...
   20859 Apr 07 19:26  Error       DCOM                        10010 The description for Event ID '10010' in Source 'DCOM' cannot be found.  The local comp...
   20858 Apr 07 19:25  Error       DCOM                        10010 The description for Event ID '10010' in Source 'DCOM' cannot be found.  The local comp...
   20857 Apr 07 19:25  Error       DCOM                        10010 The description for Event ID '10010' in Source 'DCOM' cannot be found.  The local comp...
   20856 Apr 07 19:24  Error       DCOM                        10010 The description for Event ID '10010' in Source 'DCOM' cannot be found.  The local comp...
   20855 Apr 07 19:24  Error       DCOM                        10010 The description for Event ID '10010' in Source 'DCOM' cannot be found.  The local comp...
   20854 Apr 07 19:23  Error       DCOM                        10010 The description for Event ID '10010' in Source 'DCOM' cannot be found.  The local comp...
   20853 Apr 07 19:23  Error       DCOM                        10010 The description for Event ID '10010' in Source 'DCOM' cannot be found.  The local comp...
   20852 Apr 07 19:22  Error       DCOM                        10010 The description for Event ID '10010' in Source 'DCOM' cannot be found.  The local comp...
   20851 Apr 07 18:35  Error       DCOM                        10010 The description for Event ID '10010' in Source 'DCOM' cannot be found.  The local comp...
   20850 Apr 07 18:34  Error       DCOM                        10010 The description for Event ID '10010' in Source 'DCOM' cannot be found.  The local comp...
   20849 Apr 07 18:34  Error       DCOM                        10010 The description for Event ID '10010' in Source 'DCOM' cannot be found.  The local comp...
   20848 Apr 07 18:33  Error       DCOM                        10010 The description for Event ID '10010' in Source 'DCOM' cannot be found.  The local comp...
   20847 Apr 07 18:33  Error       DCOM                        10010 The description for Event ID '10010' in Source 'DCOM' cannot be found.  The local comp...
   20846 Apr 07 18:32  Error       DCOM                        10010 The description for Event ID '10010' in Source 'DCOM' cannot be found.  The local comp...
   20845 Apr 07 18:32  Error       DCOM                        10010 The description for Event ID '10010' in Source 'DCOM' cannot be found.  The local comp...
   20844 Apr 07 18:31  Error       DCOM                        10010 The description for Event ID '10010' in Source 'DCOM' cannot be found.  The local comp...
   20843 Apr 07 18:31  Error       DCOM                        10010 The description for Event ID '10010' in Source 'DCOM' cannot be found.  The local comp...
   20842 Apr 07 18:30  Error       DCOM                        10010 The description for Event ID '10010' in Source 'DCOM' cannot be found.  The local comp...
   20841 Apr 07 18:30  Error       DCOM                        10010 The description for Event ID '10010' in Source 'DCOM' cannot be found.  The local comp...
   20840 Apr 07 18:29  Error       DCOM                        10010 The description for Event ID '10010' in Source 'DCOM' cannot be found.  The local comp...
   20831 Apr 07 16:34  Error       DCOM                        10010 The description for Event ID '10010' in Source 'DCOM' cannot be found.  The local comp...
   20830 Apr 07 16:33  Error       DCOM                        10010 The description for Event ID '10010' in Source 'DCOM' cannot be found.  The local comp...
   20829 Apr 07 16:33  Error       DCOM                        10010 The description for Event ID '10010' in Source 'DCOM' cannot be found.  The local comp...
   20828 Apr 07 16:32  Error       DCOM                        10010 The description for Event ID '10010' in Source 'DCOM' cannot be found.  The local comp...
   20827 Apr 07 16:32  Error       DCOM                        10010 The description for Event ID '10010' in Source 'DCOM' cannot be found.  The local comp...
   20826 Apr 07 16:31  Error       DCOM                        10010 The description for Event ID '10010' in Source 'DCOM' cannot be found.  The local comp...
   20825 Apr 07 16:31  Error       DCOM                        10010 The description for Event ID '10010' in Source 'DCOM' cannot be found.  The local comp...
   20824 Apr 07 16:30  Error       DCOM                        10010 The description for Event ID '10010' in Source 'DCOM' cannot be found.  The local comp...
   20823 Apr 07 16:30  Error       DCOM                        10010 The description for Event ID '10010' in Source 'DCOM' cannot be found.  The local comp...
   20822 Apr 07 16:29  Error       DCOM                        10010 The description for Event ID '10010' in Source 'DCOM' cannot be found.  The local comp...
   20821 Apr 07 16:29  Error       DCOM                        10010 The description for Event ID '10010' in Source 'DCOM' cannot be found.  The local comp...
   20820 Apr 07 16:28  Error       DCOM                        10010 The description for Event ID '10010' in Source 'DCOM' cannot be found.  The local comp...
   20819 Apr 07 15:41  Error       DCOM                        10010 The description for Event ID '10010' in Source 'DCOM' cannot be found.  The local comp...
   20818 Apr 07 15:40  Error       DCOM                        10010 The description for Event ID '10010' in Source 'DCOM' cannot be found.  The local comp...
   20817 Apr 07 15:40  Error       DCOM                        10010 The description for Event ID '10010' in Source 'DCOM' cannot be found.  The local comp...
   20816 Apr 07 15:39  Error       DCOM                        10010 The description for Event ID '10010' in Source 'DCOM' cannot be found.  The local comp...
   20815 Apr 07 15:39  Error       DCOM                        10010 The description for Event ID '10010' in Source 'DCOM' cannot be found.  The local comp...
   20814 Apr 07 15:38  Error       DCOM                        10010 The description for Event ID '10010' in Source 'DCOM' cannot be found.  The local comp...
   20813 Apr 07 15:38  Error       DCOM                        10010 The description for Event ID '10010' in Source 'DCOM' cannot be found.  The local comp...
   20812 Apr 07 15:37  Error       DCOM                        10010 The description for Event ID '10010' in Source 'DCOM' cannot be found.  The local comp...
   20811 Apr 07 15:37  Error       DCOM                        10010 The description for Event ID '10010' in Source 'DCOM' cannot be found.  The local comp...
   20810 Apr 07 15:36  Error       DCOM                        10010 The description for Event ID '10010' in Source 'DCOM' cannot be found.  The local comp...
   20809 Apr 07 15:36  Error       DCOM                        10010 The description for Event ID '10010' in Source 'DCOM' cannot be found.  The local comp...
   20808 Apr 07 15:35  Error       DCOM                        10010 The description for Event ID '10010' in Source 'DCOM' cannot be found.  The local comp...
   20801 Apr 07 14:34  Error       DCOM                        10010 The description for Event ID '10010' in Source 'DCOM' cannot be found.  The local comp...
   20800 Apr 07 14:34  Error       DCOM                        10010 The description for Event ID '10010' in Source 'DCOM' cannot be found.  The local comp...
   20799 Apr 07 14:33  Error       DCOM                        10010 The description for Event ID '10010' in Source 'DCOM' cannot be found.  The local comp...
   20798 Apr 07 14:33  Error       DCOM                        10010 The description for Event ID '10010' in Source 'DCOM' cannot be found.  The local comp...
   20797 Apr 07 14:32  Error       DCOM                        10010 The description for Event ID '10010' in Source 'DCOM' cannot be found.  The local comp...
   20796 Apr 07 14:32  Error       DCOM                        10010 The description for Event ID '10010' in Source 'DCOM' cannot be found.  The local comp...
   20795 Apr 07 14:31  Error       DCOM                        10010 The description for Event ID '10010' in Source 'DCOM' cannot be found.  The local comp...
   20794 Apr 07 14:31  Error       DCOM                        10010 The description for Event ID '10010' in Source 'DCOM' cannot be found.  The local comp...
   20793 Apr 07 14:30  Error       DCOM                        10010 The description for Event ID '10010' in Source 'DCOM' cannot be found.  The local comp...
   20792 Apr 07 14:30  Error       DCOM                        10010 The description for Event ID '10010' in Source 'DCOM' cannot be found.  The local comp...
   20791 Apr 07 14:29  Error       DCOM                        10010 The description for Event ID '10010' in Source 'DCOM' cannot be found.  The local comp...
   20790 Apr 07 14:29  Error       DCOM                        10010 The description for Event ID '10010' in Source 'DCOM' cannot be found.  The local comp...
   20789 Apr 07 13:32  Error       DCOM                        10010 The description for Event ID '10010' in Source 'DCOM' cannot be found.  The local comp...
   20788 Apr 07 13:32  Error       DCOM                        10010 The description for Event ID '10010' in Source 'DCOM' cannot be found.  The local comp...
   20787 Apr 07 13:31  Error       DCOM                        10010 The description for Event ID '10010' in Source 'DCOM' cannot be found.  The local comp...
   20786 Apr 07 13:31  Error       DCOM                        10010 The description for Event ID '10010' in Source 'DCOM' cannot be found.  The local comp...
   20785 Apr 07 13:30  Error       DCOM                        10010 The description for Event ID '10010' in Source 'DCOM' cannot be found.  The local comp...
   20784 Apr 07 13:30  Error       DCOM                        10010 The description for Event ID '10010' in Source 'DCOM' cannot be found.  The local comp...
   20783 Apr 07 13:29  Error       DCOM                        10010 The description for Event ID '10010' in Source 'DCOM' cannot be found.  The local comp...
   20782 Apr 07 13:29  Error       DCOM                        10010 The description for Event ID '10010' in Source 'DCOM' cannot be found.  The local comp...
   20781 Apr 07 13:28  Error       DCOM                        10010 The description for Event ID '10010' in Source 'DCOM' cannot be found.  The local comp...
   20780 Apr 07 13:28  Error       DCOM                        10010 The description for Event ID '10010' in Source 'DCOM' cannot be found.  The local comp...
   20779 Apr 07 13:27  Error       DCOM                        10010 The description for Event ID '10010' in Source 'DCOM' cannot be found.  The local comp...
   20778 Apr 07 13:27  Error       DCOM                        10010 The description for Event ID '10010' in Source 'DCOM' cannot be found.  The local comp...
   20777 Apr 07 13:23  Error       DCOM                        10010 The description for Event ID '10010' in Source 'DCOM' cannot be found.  The local comp...
   20776 Apr 07 13:22  Error       DCOM                        10010 The description for Event ID '10010' in Source 'DCOM' cannot be found.  The local comp...
   20775 Apr 07 13:22  Error       DCOM                        10010 The description for Event ID '10010' in Source 'DCOM' cannot be found.  The local comp...
   20774 Apr 07 13:21  Error       DCOM                        10010 The description for Event ID '10010' in Source 'DCOM' cannot be found.  The local comp...
   20773 Apr 07 13:21  Error       DCOM                        10010 The description for Event ID '10010' in Source 'DCOM' cannot be found.  The local comp...
   20772 Apr 07 13:20  Error       DCOM                        10010 The description for Event ID '10010' in Source 'DCOM' cannot be found.  The local comp...
   20771 Apr 07 13:20  Error       DCOM                        10010 The description for Event ID '10010' in Source 'DCOM' cannot be found.  The local comp...
   20770 Apr 07 13:19  Error       DCOM                        10010 The description for Event ID '10010' in Source 'DCOM' cannot be found.  The local comp...
   20765 Apr 07 12:11  Error       DCOM                        10010 The description for Event ID '10010' in Source 'DCOM' cannot be found.  The local comp...
   20764 Apr 07 12:11  Error       DCOM                        10010 The description for Event ID '10010' in Source 'DCOM' cannot be found.  The local comp...
   20763 Apr 07 12:10  Error       DCOM                        10010 The description for Event ID '10010' in Source 'DCOM' cannot be found.  The local comp...
   20762 Apr 07 12:10  Error       DCOM                        10010 The description for Event ID '10010' in Source 'DCOM' cannot be found.  The local comp...
   20761 Apr 07 12:09  Error       DCOM                        10010 The description for Event ID '10010' in Source 'DCOM' cannot be found.  The local comp...
   20760 Apr 07 12:09  Error       DCOM                        10010 The description for Event ID '10010' in Source 'DCOM' cannot be found.  The local comp...
   20759 Apr 07 12:08  Error       DCOM                        10010 The description for Event ID '10010' in Source 'DCOM' cannot be found.  The local comp...
   20758 Apr 07 12:08  Error       DCOM                        10010 The description for Event ID '10010' in Source 'DCOM' cannot be found.  The local comp...
   20757 Apr 07 12:07  Error       DCOM                        10010 The description for Event ID '10010' in Source 'DCOM' cannot be found.  The local comp...
   20756 Apr 07 12:07  Error       DCOM                        10010 The description for Event ID '10010' in Source 'DCOM' cannot be found.  The local comp...
   20755 Apr 07 12:06  Error       DCOM                        10010 The description for Event ID '10010' in Source 'DCOM' cannot be found.  The local comp...
   20754 Apr 07 12:06  Error       DCOM                        10010 The description for Event ID '10010' in Source 'DCOM' cannot be found.  The local comp...
   20747 Apr 07 10:33  Error       DCOM                        10010 The description for Event ID '10010' in Source 'DCOM' cannot be found.  The local comp...
   20746 Apr 07 10:33  Error       DCOM                        10010 The description for Event ID '10010' in Source 'DCOM' cannot be found.  The local comp...
   20745 Apr 07 10:32  Error       DCOM                        10010 The description for Event ID '10010' in Source 'DCOM' cannot be found.  The local comp...
   20743 Apr 07 10:32  Error       DCOM                        10010 The description for Event ID '10010' in Source 'DCOM' cannot be found.  The local comp...
   20742 Apr 07 10:31  Error       DCOM                        10010 The description for Event ID '10010' in Source 'DCOM' cannot be found.  The local comp...
   20738 Apr 07 10:31  Error       DCOM                        10010 The description for Event ID '10010' in Source 'DCOM' cannot be found.  The local comp...
   20737 Apr 07 10:30  Error       DCOM                        10010 The description for Event ID '10010' in Source 'DCOM' cannot be found.  The local comp...
   20736 Apr 07 10:30  Error       DCOM                        10010 The description for Event ID '10010' in Source 'DCOM' cannot be found.  The local comp...
   20735 Apr 07 10:29  Error       DCOM                        10010 The description for Event ID '10010' in Source 'DCOM' cannot be found.  The local comp...
   20734 Apr 07 10:29  Error       DCOM                        10010 The description for Event ID '10010' in Source 'DCOM' cannot be found.  The local comp...
   20733 Apr 07 10:28  Error       DCOM                        10010 The description for Event ID '10010' in Source 'DCOM' cannot be found.  The local comp...
   20732 Apr 07 10:28  Error       DCOM                        10010 The description for Event ID '10010' in Source 'DCOM' cannot be found.  The local comp...
   20726 Apr 07 08:34  Error       DCOM                        10010 The description for Event ID '10010' in Source 'DCOM' cannot be found.  The local comp...
   20725 Apr 07 08:33  Error       DCOM                        10010 The description for Event ID '10010' in Source 'DCOM' cannot be found.  The local comp...
   20724 Apr 07 08:33  Error       DCOM                        10010 The description for Event ID '10010' in Source 'DCOM' cannot be found.  The local comp...
   20723 Apr 07 08:32  Error       DCOM                        10010 The description for Event ID '10010' in Source 'DCOM' cannot be found.  The local comp...
   20722 Apr 07 08:32  Error       DCOM                        10010 The description for Event ID '10010' in Source 'DCOM' cannot be found.  The local comp...
   20721 Apr 07 08:31  Error       DCOM                        10010 The description for Event ID '10010' in Source 'DCOM' cannot be found.  The local comp...
   20720 Apr 07 08:31  Error       DCOM                        10010 The description for Event ID '10010' in Source 'DCOM' cannot be found.  The local comp...
   20719 Apr 07 08:30  Error       DCOM                        10010 The description for Event ID '10010' in Source 'DCOM' cannot be found.  The local comp...
   20718 Apr 07 08:30  Error       DCOM                        10010 The description for Event ID '10010' in Source 'DCOM' cannot be found.  The local comp...
   20717 Apr 07 08:29  Error       DCOM                        10010 The description for Event ID '10010' in Source 'DCOM' cannot be found.  The local comp...
   20716 Apr 07 08:29  Error       DCOM                        10010 The description for Event ID '10010' in Source 'DCOM' cannot be found.  The local comp...
   20715 Apr 07 08:28  Error       DCOM                        10010 The description for Event ID '10010' in Source 'DCOM' cannot be found.  The local comp...
   20708 Apr 07 06:34  Error       DCOM                        10010 The description for Event ID '10010' in Source 'DCOM' cannot be found.  The local comp...
   20707 Apr 07 06:34  Error       DCOM                        10010 The description for Event ID '10010' in Source 'DCOM' cannot be found.  The local comp...
   20706 Apr 07 06:33  Error       DCOM                        10010 The description for Event ID '10010' in Source 'DCOM' cannot be found.  The local comp...
   20705 Apr 07 06:33  Error       DCOM                        10010 The description for Event ID '10010' in Source 'DCOM' cannot be found.  The local comp...
   20704 Apr 07 06:32  Error       DCOM                        10010 The description for Event ID '10010' in Source 'DCOM' cannot be found.  The local comp...
   20703 Apr 07 06:32  Error       DCOM                        10010 The description for Event ID '10010' in Source 'DCOM' cannot be found.  The local comp...
   20702 Apr 07 06:31  Error       DCOM                        10010 The description for Event ID '10010' in Source 'DCOM' cannot be found.  The local comp...
   20701 Apr 07 06:31  Error       DCOM                        10010 The description for Event ID '10010' in Source 'DCOM' cannot be found.  The local comp...
   20700 Apr 07 06:30  Error       DCOM                        10010 The description for Event ID '10010' in Source 'DCOM' cannot be found.  The local comp...
   20699 Apr 07 06:30  Error       DCOM                        10010 The description for Event ID '10010' in Source 'DCOM' cannot be found.  The local comp...
   20698 Apr 07 06:29  Error       DCOM                        10010 The description for Event ID '10010' in Source 'DCOM' cannot be found.  The local comp...
   20697 Apr 07 06:29  Error       DCOM                        10010 The description for Event ID '10010' in Source 'DCOM' cannot be found.  The local comp...
   20696 Apr 07 04:34  Error       DCOM                        10010 The description for Event ID '10010' in Source 'DCOM' cannot be found.  The local comp...
   20695 Apr 07 04:34  Error       DCOM                        10010 The description for Event ID '10010' in Source 'DCOM' cannot be found.  The local comp...
   20694 Apr 07 04:33  Error       DCOM                        10010 The description for Event ID '10010' in Source 'DCOM' cannot be found.  The local comp...
   20693 Apr 07 04:33  Error       DCOM                        10010 The description for Event ID '10010' in Source 'DCOM' cannot be found.  The local comp...
   20692 Apr 07 04:32  Error       DCOM                        10010 The description for Event ID '10010' in Source 'DCOM' cannot be found.  The local comp...
   20691 Apr 07 04:32  Error       DCOM                        10010 The description for Event ID '10010' in Source 'DCOM' cannot be found.  The local comp...
   20690 Apr 07 04:31  Error       DCOM                        10010 The description for Event ID '10010' in Source 'DCOM' cannot be found.  The local comp...
   20689 Apr 07 04:31  Error       DCOM                        10010 The description for Event ID '10010' in Source 'DCOM' cannot be found.  The local comp...
   20688 Apr 07 04:30  Error       DCOM                        10010 The description for Event ID '10010' in Source 'DCOM' cannot be found.  The local comp...
   20687 Apr 07 04:30  Error       DCOM                        10010 The description for Event ID '10010' in Source 'DCOM' cannot be found.  The local comp...
   20686 Apr 07 04:29  Error       DCOM                        10010 The description for Event ID '10010' in Source 'DCOM' cannot be found.  The local comp...
   20685 Apr 07 04:29  Error       DCOM                        10010 The description for Event ID '10010' in Source 'DCOM' cannot be found.  The local comp...
   20684 Apr 07 04:19  Error       DCOM                        10010 The description for Event ID '10010' in Source 'DCOM' cannot be found.  The local comp...
   20683 Apr 07 04:19  Error       DCOM                        10010 The description for Event ID '10010' in Source 'DCOM' cannot be found.  The local comp...
   20682 Apr 07 04:18  Error       DCOM                        10010 The description for Event ID '10010' in Source 'DCOM' cannot be found.  The local comp...
   20681 Apr 07 04:18  Error       DCOM                        10010 The description for Event ID '10010' in Source 'DCOM' cannot be found.  The local comp...
   20680 Apr 07 04:17  Error       DCOM                        10010 The description for Event ID '10010' in Source 'DCOM' cannot be found.  The local comp...
   20679 Apr 07 04:17  Error       DCOM                        10010 The description for Event ID '10010' in Source 'DCOM' cannot be found.  The local comp...
   20678 Apr 07 04:16  Error       DCOM                        10010 The description for Event ID '10010' in Source 'DCOM' cannot be found.  The local comp...
   20677 Apr 07 04:16  Error       DCOM                        10010 The description for Event ID '10010' in Source 'DCOM' cannot be found.  The local comp...
   20676 Apr 07 04:15  Error       DCOM                        10010 The description for Event ID '10010' in Source 'DCOM' cannot be found.  The local comp...
   20675 Apr 07 04:15  Error       DCOM                        10010 The description for Event ID '10010' in Source 'DCOM' cannot be found.  The local comp...
   20674 Apr 07 04:14  Error       DCOM                        10010 The description for Event ID '10010' in Source 'DCOM' cannot be found.  The local comp...
   20673 Apr 07 04:14  Error       DCOM                        10010 The description for Event ID '10010' in Source 'DCOM' cannot be found.  The local comp...
   20672 Apr 07 04:13  Error       DCOM                        10010 The description for Event ID '10010' in Source 'DCOM' cannot be found.  The local comp...
   20668 Apr 07 00:34  Error       DCOM                        10010 The description for Event ID '10010' in Source 'DCOM' cannot be found.  The local comp...
   20667 Apr 07 00:33  Error       DCOM                        10010 The description for Event ID '10010' in Source 'DCOM' cannot be found.  The local comp...
   20666 Apr 07 00:33  Error       DCOM                        10010 The description for Event ID '10010' in Source 'DCOM' cannot be found.  The local comp...
   20665 Apr 07 00:32  Error       DCOM                        10010 The description for Event ID '10010' in Source 'DCOM' cannot be found.  The local comp...
   20664 Apr 07 00:32  Error       DCOM                        10010 The description for Event ID '10010' in Source 'DCOM' cannot be found.  The local comp...
   20663 Apr 07 00:31  Error       DCOM                        10010 The description for Event ID '10010' in Source 'DCOM' cannot be found.  The local comp...
   20662 Apr 07 00:31  Error       DCOM                        10010 The description for Event ID '10010' in Source 'DCOM' cannot be found.  The local comp...
   20661 Apr 07 00:30  Error       DCOM                        10010 The description for Event ID '10010' in Source 'DCOM' cannot be found.  The local comp...
   20660 Apr 07 00:30  Error       DCOM                        10010 The description for Event ID '10010' in Source 'DCOM' cannot be found.  The local comp...
   20659 Apr 07 00:29  Error       DCOM                        10010 The description for Event ID '10010' in Source 'DCOM' cannot be found.  The local comp...
   20658 Apr 07 00:29  Error       DCOM                        10010 The description for Event ID '10010' in Source 'DCOM' cannot be found.  The local comp...
   20657 Apr 07 00:28  Error       DCOM                        10010 The description for Event ID '10010' in Source 'DCOM' cannot be found.  The local comp...
   20651 Apr 06 22:34  Error       DCOM                        10010 The description for Event ID '10010' in Source 'DCOM' cannot be found.  The local comp...
   20650 Apr 06 22:34  Error       DCOM                        10010 The description for Event ID '10010' in Source 'DCOM' cannot be found.  The local comp...
   20649 Apr 06 22:33  Error       DCOM                        10010 The description for Event ID '10010' in Source 'DCOM' cannot be found.  The local comp...
   20648 Apr 06 22:33  Error       DCOM                        10010 The description for Event ID '10010' in Source 'DCOM' cannot be found.  The local comp...
   20647 Apr 06 22:32  Error       DCOM                        10010 The description for Event ID '10010' in Source 'DCOM' cannot be found.  The local comp...
   20646 Apr 06 22:32  Error       DCOM                        10010 The description for Event ID '10010' in Source 'DCOM' cannot be found.  The local comp...
   20645 Apr 06 22:31  Error       DCOM                        10010 The description for Event ID '10010' in Source 'DCOM' cannot be found.  The local comp...
   20644 Apr 06 22:31  Error       DCOM                        10010 The description for Event ID '10010' in Source 'DCOM' cannot be found.  The local comp...
   20643 Apr 06 22:30  Error       DCOM                        10010 The description for Event ID '10010' in Source 'DCOM' cannot be found.  The local comp...
   20642 Apr 06 22:30  Error       DCOM                        10010 The description for Event ID '10010' in Source 'DCOM' cannot be found.  The local comp...
   20641 Apr 06 22:29  Error       DCOM                        10010 The description for Event ID '10010' in Source 'DCOM' cannot be found.  The local comp...
   20640 Apr 06 22:29  Error       DCOM                        10010 The description for Event ID '10010' in Source 'DCOM' cannot be found.  The local comp...
   20637 Apr 06 21:02  Error       DCOM                        10010 The description for Event ID '10010' in Source 'DCOM' cannot be found.  The local comp...
   20636 Apr 06 21:01  Error       DCOM                        10010 The description for Event ID '10010' in Source 'DCOM' cannot be found.  The local comp...
   20635 Apr 06 21:01  Error       DCOM                        10010 The description for Event ID '10010' in Source 'DCOM' cannot be found.  The local comp...
   20634 Apr 06 21:00  Error       DCOM                        10010 The description for Event ID '10010' in Source 'DCOM' cannot be found.  The local comp...
   20633 Apr 06 21:00  Error       DCOM                        10010 The description for Event ID '10010' in Source 'DCOM' cannot be found.  The local comp...
   20632 Apr 06 20:59  Error       DCOM                        10010 The description for Event ID '10010' in Source 'DCOM' cannot be found.  The local comp...
   20631 Apr 06 20:59  Error       DCOM                        10010 The description for Event ID '10010' in Source 'DCOM' cannot be found.  The local comp...
   20630 Apr 06 20:58  Error       DCOM                        10010 The description for Event ID '10010' in Source 'DCOM' cannot be found.  The local comp...
   20629 Apr 06 20:58  Error       DCOM                        10010 The description for Event ID '10010' in Source 'DCOM' cannot be found.  The local comp...
   20628 Apr 06 20:57  Error       DCOM                        10010 The description for Event ID '10010' in Source 'DCOM' cannot be found.  The local comp...
   20627 Apr 06 20:57  Error       DCOM                        10010 The description for Event ID '10010' in Source 'DCOM' cannot be found.  The local comp...
   20626 Apr 06 20:56  Error       DCOM                        10010 The description for Event ID '10010' in Source 'DCOM' cannot be found.  The local comp...
   20625 Apr 06 20:34  Error       DCOM                        10010 The description for Event ID '10010' in Source 'DCOM' cannot be found.  The local comp...
   20624 Apr 06 20:34  Error       DCOM                        10010 The description for Event ID '10010' in Source 'DCOM' cannot be found.  The local comp...
   20623 Apr 06 20:33  Error       DCOM                        10010 The description for Event ID '10010' in Source 'DCOM' cannot be found.  The local comp...
   20622 Apr 06 20:33  Error       DCOM                        10010 The description for Event ID '10010' in Source 'DCOM' cannot be found.  The local comp...
   20621 Apr 06 20:32  Error       DCOM                        10010 The description for Event ID '10010' in Source 'DCOM' cannot be found.  The local comp...
   20620 Apr 06 20:32  Error       DCOM                        10010 The description for Event ID '10010' in Source 'DCOM' cannot be found.  The local comp...
   20619 Apr 06 20:31  Error       DCOM                        10010 The description for Event ID '10010' in Source 'DCOM' cannot be found.  The local comp...
   20618 Apr 06 20:31  Error       DCOM                        10010 The description for Event ID '10010' in Source 'DCOM' cannot be found.  The local comp...
   20617 Apr 06 20:30  Error       DCOM                        10010 The description for Event ID '10010' in Source 'DCOM' cannot be found.  The local comp...
   20616 Apr 06 20:30  Error       DCOM                        10010 The description for Event ID '10010' in Source 'DCOM' cannot be found.  The local comp...
   20615 Apr 06 20:29  Error       DCOM                        10010 The description for Event ID '10010' in Source 'DCOM' cannot be found.  The local comp...
   20614 Apr 06 20:29  Error       DCOM                        10010 The description for Event ID '10010' in Source 'DCOM' cannot be found.  The local comp...
   20613 Apr 06 18:35  Error       DCOM                        10010 The description for Event ID '10010' in Source 'DCOM' cannot be found.  The local comp...
   20612 Apr 06 18:34  Error       DCOM                        10010 The description for Event ID '10010' in Source 'DCOM' cannot be found.  The local comp...
   20611 Apr 06 18:34  Error       DCOM                        10010 The description for Event ID '10010' in Source 'DCOM' cannot be found.  The local comp...
   20610 Apr 06 18:33  Error       DCOM                        10010 The description for Event ID '10010' in Source 'DCOM' cannot be found.  The local comp...
   20609 Apr 06 18:33  Error       DCOM                        10010 The description for Event ID '10010' in Source 'DCOM' cannot be found.  The local comp...
   20608 Apr 06 18:32  Error       DCOM                        10010 The description for Event ID '10010' in Source 'DCOM' cannot be found.  The local comp...
   20607 Apr 06 18:32  Error       DCOM                        10010 The description for Event ID '10010' in Source 'DCOM' cannot be found.  The local comp...
   20606 Apr 06 18:31  Error       DCOM                        10010 The description for Event ID '10010' in Source 'DCOM' cannot be found.  The local comp...
   20605 Apr 06 18:31  Error       DCOM                        10010 The description for Event ID '10010' in Source 'DCOM' cannot be found.  The local comp...
   20604 Apr 06 18:30  Error       DCOM                        10010 The description for Event ID '10010' in Source 'DCOM' cannot be found.  The local comp...
   20603 Apr 06 18:30  Error       DCOM                        10010 The description for Event ID '10010' in Source 'DCOM' cannot be found.  The local comp...
   20602 Apr 06 18:29  Error       DCOM                        10010 The description for Event ID '10010' in Source 'DCOM' cannot be found.  The local comp...
   20594 Apr 06 16:34  Error       DCOM                        10010 The description for Event ID '10010' in Source 'DCOM' cannot be found.  The local comp...
   20593 Apr 06 16:33  Error       DCOM                        10010 The description for Event ID '10010' in Source 'DCOM' cannot be found.  The local comp...
   20592 Apr 06 16:33  Error       DCOM                        10010 The description for Event ID '10010' in Source 'DCOM' cannot be found.  The local comp...
   20591 Apr 06 16:32  Error       DCOM                        10010 The description for Event ID '10010' in Source 'DCOM' cannot be found.  The local comp...
   20590 Apr 06 16:32  Error       DCOM                        10010 The description for Event ID '10010' in Source 'DCOM' cannot be found.  The local comp...
   20589 Apr 06 16:31  Error       DCOM                        10010 The description for Event ID '10010' in Source 'DCOM' cannot be found.  The local comp...
   20588 Apr 06 16:31  Error       DCOM                        10010 The description for Event ID '10010' in Source 'DCOM' cannot be found.  The local comp...
   20587 Apr 06 16:30  Error       DCOM                        10010 The description for Event ID '10010' in Source 'DCOM' cannot be found.  The local comp...
   20586 Apr 06 16:30  Error       DCOM                        10010 The description for Event ID '10010' in Source 'DCOM' cannot be found.  The local comp...
   20585 Apr 06 16:29  Error       DCOM                        10010 The description for Event ID '10010' in Source 'DCOM' cannot be found.  The local comp...
   20584 Apr 06 16:29  Error       DCOM                        10010 The description for Event ID '10010' in Source 'DCOM' cannot be found.  The local comp...
   20583 Apr 06 16:28  Error       DCOM                        10010 The description for Event ID '10010' in Source 'DCOM' cannot be found.  The local comp...
   20554 Apr 06 16:10  Error       DCOM                        10010 The description for Event ID '10010' in Source 'DCOM' cannot be found.  The local comp...
   20553 Apr 06 16:09  Error       DCOM                        10010 The description for Event ID '10010' in Source 'DCOM' cannot be found.  The local comp...
   20550 Apr 06 16:09  Error       DCOM                        10010 The description for Event ID '10010' in Source 'DCOM' cannot be found.  The local comp...
   20549 Apr 06 16:08  Error       DCOM                        10010 The description for Event ID '10010' in Source 'DCOM' cannot be found.  The local comp...
   20546 Apr 06 16:08  Error       DCOM                        10010 The description for Event ID '10010' in Source 'DCOM' cannot be found.  The local comp...
   20545 Apr 06 16:07  Error       DCOM                        10010 The description for Event ID '10010' in Source 'DCOM' cannot be found.  The local comp...
   20544 Apr 06 16:07  Error       DCOM                        10010 The description for Event ID '10010' in Source 'DCOM' cannot be found.  The local comp...
   20543 Apr 06 16:06  Error       DCOM                        10010 The description for Event ID '10010' in Source 'DCOM' cannot be found.  The local comp...
   20540 Apr 06 16:06  Error       DCOM                        10010 The description for Event ID '10010' in Source 'DCOM' cannot be found.  The local comp...
   20539 Apr 06 16:05  Error       DCOM                        10010 The description for Event ID '10010' in Source 'DCOM' cannot be found.  The local comp...
   20536 Apr 06 16:05  Error       DCOM                        10010 The description for Event ID '10010' in Source 'DCOM' cannot be found.  The local comp...
   20535 Apr 06 16:04  Error       DCOM                        10010 The description for Event ID '10010' in Source 'DCOM' cannot be found.  The local comp...
   20496 Apr 06 14:34  Error       DCOM                        10010 The description for Event ID '10010' in Source 'DCOM' cannot be found.  The local comp...
   20495 Apr 06 14:34  Error       DCOM                        10010 The description for Event ID '10010' in Source 'DCOM' cannot be found.  The local comp...
   20494 Apr 06 14:33  Error       DCOM                        10010 The description for Event ID '10010' in Source 'DCOM' cannot be found.  The local comp...
   20493 Apr 06 14:33  Error       DCOM                        10010 The description for Event ID '10010' in Source 'DCOM' cannot be found.  The local comp...
   20492 Apr 06 14:32  Error       DCOM                        10010 The description for Event ID '10010' in Source 'DCOM' cannot be found.  The local comp...
   20491 Apr 06 14:32  Error       DCOM                        10010 The description for Event ID '10010' in Source 'DCOM' cannot be found.  The local comp...
   20490 Apr 06 14:31  Error       DCOM                        10010 The description for Event ID '10010' in Source 'DCOM' cannot be found.  The local comp...
   20489 Apr 06 14:31  Error       DCOM                        10010 The description for Event ID '10010' in Source 'DCOM' cannot be found.  The local comp...
   20488 Apr 06 14:30  Error       DCOM                        10010 The description for Event ID '10010' in Source 'DCOM' cannot be found.  The local comp...
   20487 Apr 06 14:30  Error       DCOM                        10010 The description for Event ID '10010' in Source 'DCOM' cannot be found.  The local comp...
   20486 Apr 06 14:29  Error       DCOM                        10010 The description for Event ID '10010' in Source 'DCOM' cannot be found.  The local comp...
   20485 Apr 06 14:29  Error       DCOM                        10010 The description for Event ID '10010' in Source 'DCOM' cannot be found.  The local comp...
   20484 Apr 06 12:34  Error       DCOM                        10010 The description for Event ID '10010' in Source 'DCOM' cannot be found.  The local comp...
   20483 Apr 06 12:34  Error       DCOM                        10010 The description for Event ID '10010' in Source 'DCOM' cannot be found.  The local comp...
   20482 Apr 06 12:33  Error       DCOM                        10010 The description for Event ID '10010' in Source 'DCOM' cannot be found.  The local comp...
   20481 Apr 06 12:33  Error       DCOM                        10010 The description for Event ID '10010' in Source 'DCOM' cannot be found.  The local comp...
   20480 Apr 06 12:32  Error       DCOM                        10010 The description for Event ID '10010' in Source 'DCOM' cannot be found.  The local comp...
   20479 Apr 06 12:32  Error       DCOM                        10010 The description for Event ID '10010' in Source 'DCOM' cannot be found.  The local comp...
   20478 Apr 06 12:31  Error       DCOM                        10010 The description for Event ID '10010' in Source 'DCOM' cannot be found.  The local comp...
   20477 Apr 06 12:31  Error       DCOM                        10010 The description for Event ID '10010' in Source 'DCOM' cannot be found.  The local comp...
   20476 Apr 06 12:30  Error       DCOM                        10010 The description for Event ID '10010' in Source 'DCOM' cannot be found.  The local comp...
   20475 Apr 06 12:30  Error       DCOM                        10010 The description for Event ID '10010' in Source 'DCOM' cannot be found.  The local comp...
   20474 Apr 06 12:29  Error       DCOM                        10010 The description for Event ID '10010' in Source 'DCOM' cannot be found.  The local comp...
   20473 Apr 06 12:29  Error       DCOM                        10010 The description for Event ID '10010' in Source 'DCOM' cannot be found.  The local comp...
   20467 Apr 06 10:34  Error       DCOM                        10010 The description for Event ID '10010' in Source 'DCOM' cannot be found.  The local comp...
   20466 Apr 06 10:34  Error       DCOM                        10010 The description for Event ID '10010' in Source 'DCOM' cannot be found.  The local comp...
   20465 Apr 06 10:33  Error       DCOM                        10010 The description for Event ID '10010' in Source 'DCOM' cannot be found.  The local comp...
   20464 Apr 06 10:33  Error       DCOM                        10010 The description for Event ID '10010' in Source 'DCOM' cannot be found.  The local comp...
   20463 Apr 06 10:32  Error       DCOM                        10010 The description for Event ID '10010' in Source 'DCOM' cannot be found.  The local comp...
   20462 Apr 06 10:32  Error       DCOM                        10010 The description for Event ID '10010' in Source 'DCOM' cannot be found.  The local comp...
   20461 Apr 06 10:31  Error       DCOM                        10010 The description for Event ID '10010' in Source 'DCOM' cannot be found.  The local comp...
   20460 Apr 06 10:31  Error       DCOM                        10010 The description for Event ID '10010' in Source 'DCOM' cannot be found.  The local comp...
   20459 Apr 06 10:30  Error       DCOM                        10010 The description for Event ID '10010' in Source 'DCOM' cannot be found.  The local comp...
   20458 Apr 06 10:30  Error       DCOM                        10010 The description for Event ID '10010' in Source 'DCOM' cannot be found.  The local comp...
   20457 Apr 06 10:29  Error       DCOM                        10010 The description for Event ID '10010' in Source 'DCOM' cannot be found.  The local comp...
   20456 Apr 06 10:29  Error       DCOM                        10010 The description for Event ID '10010' in Source 'DCOM' cannot be found.  The local comp...
   20450 Apr 06 08:34  Error       DCOM                        10010 The description for Event ID '10010' in Source 'DCOM' cannot be found.  The local comp...
   20449 Apr 06 08:33  Error       DCOM                        10010 The description for Event ID '10010' in Source 'DCOM' cannot be found.  The local comp...
   20448 Apr 06 08:33  Error       DCOM                        10010 The description for Event ID '10010' in Source 'DCOM' cannot be found.  The local comp...
   20447 Apr 06 08:32  Error       DCOM                        10010 The description for Event ID '10010' in Source 'DCOM' cannot be found.  The local comp...
   20446 Apr 06 08:32  Error       DCOM                        10010 The description for Event ID '10010' in Source 'DCOM' cannot be found.  The local comp...
   20445 Apr 06 08:31  Error       DCOM                        10010 The description for Event ID '10010' in Source 'DCOM' cannot be found.  The local comp...
   20444 Apr 06 08:31  Error       DCOM                        10010 The description for Event ID '10010' in Source 'DCOM' cannot be found.  The local comp...
   20443 Apr 06 08:30  Error       DCOM                        10010 The description for Event ID '10010' in Source 'DCOM' cannot be found.  The local comp...
   20442 Apr 06 08:30  Error       DCOM                        10010 The description for Event ID '10010' in Source 'DCOM' cannot be found.  The local comp...
   20441 Apr 06 08:29  Error       DCOM                        10010 The description for Event ID '10010' in Source 'DCOM' cannot be found.  The local comp...
   20440 Apr 06 08:29  Error       DCOM                        10010 The description for Event ID '10010' in Source 'DCOM' cannot be found.  The local comp...
   20439 Apr 06 08:28  Error       DCOM                        10010 The description for Event ID '10010' in Source 'DCOM' cannot be found.  The local comp...
   20438 Apr 06 06:34  Error       DCOM                        10010 The description for Event ID '10010' in Source 'DCOM' cannot be found.  The local comp...
   20437 Apr 06 06:34  Error       DCOM                        10010 The description for Event ID '10010' in Source 'DCOM' cannot be found.  The local comp...
   20436 Apr 06 06:33  Error       DCOM                        10010 The description for Event ID '10010' in Source 'DCOM' cannot be found.  The local comp...
   20435 Apr 06 06:33  Error       DCOM                        10010 The description for Event ID '10010' in Source 'DCOM' cannot be found.  The local comp...
   20434 Apr 06 06:32  Error       DCOM                        10010 The description for Event ID '10010' in Source 'DCOM' cannot be found.  The local comp...
   20433 Apr 06 06:32  Error       DCOM                        10010 The description for Event ID '10010' in Source 'DCOM' cannot be found.  The local comp...
   20432 Apr 06 06:31  Error       DCOM                        10010 The description for Event ID '10010' in Source 'DCOM' cannot be found.  The local comp...
   20431 Apr 06 06:31  Error       DCOM                        10010 The description for Event ID '10010' in Source 'DCOM' cannot be found.  The local comp...
   20430 Apr 06 06:30  Error       DCOM                        10010 The description for Event ID '10010' in Source 'DCOM' cannot be found.  The local comp...
   20429 Apr 06 06:30  Error       DCOM                        10010 The description for Event ID '10010' in Source 'DCOM' cannot be found.  The local comp...
   20428 Apr 06 06:29  Error       DCOM                        10010 The description for Event ID '10010' in Source 'DCOM' cannot be found.  The local comp...
   20427 Apr 06 06:29  Error       DCOM                        10010 The description for Event ID '10010' in Source 'DCOM' cannot be found.  The local comp...
   20426 Apr 06 04:42  Error       DCOM                        10010 The description for Event ID '10010' in Source 'DCOM' cannot be found.  The local comp...
   20425 Apr 06 04:42  Error       DCOM                        10010 The description for Event ID '10010' in Source 'DCOM' cannot be found.  The local comp...
   20424 Apr 06 04:41  Error       DCOM                        10010 The description for Event ID '10010' in Source 'DCOM' cannot be found.  The local comp...
   20423 Apr 06 04:34  Error       DCOM                        10010 The description for Event ID '10010' in Source 'DCOM' cannot be found.  The local comp...
   20422 Apr 06 04:34  Error       DCOM                        10010 The description for Event ID '10010' in Source 'DCOM' cannot be found.  The local comp...
   20421 Apr 06 04:33  Error       DCOM                        10010 The description for Event ID '10010' in Source 'DCOM' cannot be found.  The local comp...
   20420 Apr 06 04:33  Error       DCOM                        10010 The description for Event ID '10010' in Source 'DCOM' cannot be found.  The local comp...
   20419 Apr 06 04:32  Error       DCOM                        10010 The description for Event ID '10010' in Source 'DCOM' cannot be found.  The local comp...
   20418 Apr 06 04:32  Error       DCOM                        10010 The description for Event ID '10010' in Source 'DCOM' cannot be found.  The local comp...
   20417 Apr 06 04:31  Error       DCOM                        10010 The description for Event ID '10010' in Source 'DCOM' cannot be found.  The local comp...
   20416 Apr 06 04:31  Error       DCOM                        10010 The description for Event ID '10010' in Source 'DCOM' cannot be found.  The local comp...
   20415 Apr 06 04:30  Error       DCOM                        10010 The description for Event ID '10010' in Source 'DCOM' cannot be found.  The local comp...
   20414 Apr 06 04:30  Error       DCOM                        10010 The description for Event ID '10010' in Source 'DCOM' cannot be found.  The local comp...
   20413 Apr 06 04:29  Error       DCOM                        10010 The description for Event ID '10010' in Source 'DCOM' cannot be found.  The local comp...
   20412 Apr 06 04:29  Error       DCOM                        10010 The description for Event ID '10010' in Source 'DCOM' cannot be found.  The local comp...
   20411 Apr 06 02:34  Error       DCOM                        10010 The description for Event ID '10010' in Source 'DCOM' cannot be found.  The local comp...
   20410 Apr 06 02:33  Error       DCOM                        10010 The description for Event ID '10010' in Source 'DCOM' cannot be found.  The local comp...
   20409 Apr 06 02:33  Error       DCOM                        10010 The description for Event ID '10010' in Source 'DCOM' cannot be found.  The local comp...
   20408 Apr 06 02:32  Error       DCOM                        10010 The description for Event ID '10010' in Source 'DCOM' cannot be found.  The local comp...
   20407 Apr 06 02:32  Error       DCOM                        10010 The description for Event ID '10010' in Source 'DCOM' cannot be found.  The local comp...
   20406 Apr 06 02:31  Error       DCOM                        10010 The description for Event ID '10010' in Source 'DCOM' cannot be found.  The local comp...
   20405 Apr 06 02:31  Error       DCOM                        10010 The description for Event ID '10010' in Source 'DCOM' cannot be found.  The local comp...
   20404 Apr 06 02:30  Error       DCOM                        10010 The description for Event ID '10010' in Source 'DCOM' cannot be found.  The local comp...
   20403 Apr 06 02:30  Error       DCOM                        10010 The description for Event ID '10010' in Source 'DCOM' cannot be found.  The local comp...
   20402 Apr 06 02:29  Error       DCOM                        10010 The description for Event ID '10010' in Source 'DCOM' cannot be found.  The local comp...
   20401 Apr 06 02:29  Error       DCOM                        10010 The description for Event ID '10010' in Source 'DCOM' cannot be found.  The local comp...
   20400 Apr 06 02:28  Error       DCOM                        10010 The description for Event ID '10010' in Source 'DCOM' cannot be found.  The local comp...
   20397 Apr 06 00:34  Error       DCOM                        10010 The description for Event ID '10010' in Source 'DCOM' cannot be found.  The local comp...
   20396 Apr 06 00:33  Error       DCOM                        10010 The description for Event ID '10010' in Source 'DCOM' cannot be found.  The local comp...
   20395 Apr 06 00:33  Error       DCOM                        10010 The description for Event ID '10010' in Source 'DCOM' cannot be found.  The local comp...
   20394 Apr 06 00:32  Error       DCOM                        10010 The description for Event ID '10010' in Source 'DCOM' cannot be found.  The local comp...
   20393 Apr 06 00:32  Error       DCOM                        10010 The description for Event ID '10010' in Source 'DCOM' cannot be found.  The local comp...
   20392 Apr 06 00:31  Error       DCOM                        10010 The description for Event ID '10010' in Source 'DCOM' cannot be found.  The local comp...
   20391 Apr 06 00:31  Error       DCOM                        10010 The description for Event ID '10010' in Source 'DCOM' cannot be found.  The local comp...
   20390 Apr 06 00:30  Error       DCOM                        10010 The description for Event ID '10010' in Source 'DCOM' cannot be found.  The local comp...
   20389 Apr 06 00:30  Error       DCOM                        10010 The description for Event ID '10010' in Source 'DCOM' cannot be found.  The local comp...
   20388 Apr 06 00:29  Error       DCOM                        10010 The description for Event ID '10010' in Source 'DCOM' cannot be found.  The local comp...
   20387 Apr 06 00:29  Error       DCOM                        10010 The description for Event ID '10010' in Source 'DCOM' cannot be found.  The local comp...
   20386 Apr 06 00:28  Error       DCOM                        10010 The description for Event ID '10010' in Source 'DCOM' cannot be found.  The local comp...
   20385 Apr 05 22:34  Error       DCOM                        10010 The description for Event ID '10010' in Source 'DCOM' cannot be found.  The local comp...
   20384 Apr 05 22:33  Error       DCOM                        10010 The description for Event ID '10010' in Source 'DCOM' cannot be found.  The local comp...
   20383 Apr 05 22:33  Error       DCOM                        10010 The description for Event ID '10010' in Source 'DCOM' cannot be found.  The local comp...
   20382 Apr 05 22:32  Error       DCOM                        10010 The description for Event ID '10010' in Source 'DCOM' cannot be found.  The local comp...
   20381 Apr 05 22:32  Error       DCOM                        10010 The description for Event ID '10010' in Source 'DCOM' cannot be found.  The local comp...
   20380 Apr 05 22:31  Error       DCOM                        10010 The description for Event ID '10010' in Source 'DCOM' cannot be found.  The local comp...
   20379 Apr 05 22:31  Error       DCOM                        10010 The description for Event ID '10010' in Source 'DCOM' cannot be found.  The local comp...
   20378 Apr 05 22:30  Error       DCOM                        10010 The description for Event ID '10010' in Source 'DCOM' cannot be found.  The local comp...
   20377 Apr 05 22:30  Error       DCOM                        10010 The description for Event ID '10010' in Source 'DCOM' cannot be found.  The local comp...
   20376 Apr 05 22:29  Error       DCOM                        10010 The description for Event ID '10010' in Source 'DCOM' cannot be found.  The local comp...
   20375 Apr 05 22:29  Error       DCOM                        10010 The description for Event ID '10010' in Source 'DCOM' cannot be found.  The local comp...
   20374 Apr 05 22:28  Error       DCOM                        10010 The description for Event ID '10010' in Source 'DCOM' cannot be found.  The local comp...
   20371 Apr 05 20:34  Error       DCOM                        10010 The description for Event ID '10010' in Source 'DCOM' cannot be found.  The local comp...
   20370 Apr 05 20:33  Error       DCOM                        10010 The description for Event ID '10010' in Source 'DCOM' cannot be found.  The local comp...
   20369 Apr 05 20:33  Error       DCOM                        10010 The description for Event ID '10010' in Source 'DCOM' cannot be found.  The local comp...
   20368 Apr 05 20:32  Error       DCOM                        10010 The description for Event ID '10010' in Source 'DCOM' cannot be found.  The local comp...
   20367 Apr 05 20:32  Error       DCOM                        10010 The description for Event ID '10010' in Source 'DCOM' cannot be found.  The local comp...
   20366 Apr 05 20:31  Error       DCOM                        10010 The description for Event ID '10010' in Source 'DCOM' cannot be found.  The local comp...
   20365 Apr 05 20:31  Error       DCOM                        10010 The description for Event ID '10010' in Source 'DCOM' cannot be found.  The local comp...
   20364 Apr 05 20:30  Error       DCOM                        10010 The description for Event ID '10010' in Source 'DCOM' cannot be found.  The local comp...
   20363 Apr 05 20:30  Error       DCOM                        10010 The description for Event ID '10010' in Source 'DCOM' cannot be found.  The local comp...
   20362 Apr 05 20:29  Error       DCOM                        10010 The description for Event ID '10010' in Source 'DCOM' cannot be found.  The local comp...
   20361 Apr 05 20:29  Error       DCOM                        10010 The description for Event ID '10010' in Source 'DCOM' cannot be found.  The local comp...
   20360 Apr 05 20:28  Error       DCOM                        10010 The description for Event ID '10010' in Source 'DCOM' cannot be found.  The local comp...
   20359 Apr 05 19:12  Error       DCOM                        10010 The description for Event ID '10010' in Source 'DCOM' cannot be found.  The local comp...
   20358 Apr 05 19:12  Error       DCOM                        10010 The description for Event ID '10010' in Source 'DCOM' cannot be found.  The local comp...
   20357 Apr 05 19:11  Error       DCOM                        10010 The description for Event ID '10010' in Source 'DCOM' cannot be found.  The local comp...
   20356 Apr 05 19:11  Error       DCOM                        10010 The description for Event ID '10010' in Source 'DCOM' cannot be found.  The local comp...
   20355 Apr 05 19:10  Error       DCOM                        10010 The description for Event ID '10010' in Source 'DCOM' cannot be found.  The local comp...
   20354 Apr 05 19:10  Error       DCOM                        10010 The description for Event ID '10010' in Source 'DCOM' cannot be found.  The local comp...
   20353 Apr 05 19:09  Error       DCOM                        10010 The description for Event ID '10010' in Source 'DCOM' cannot be found.  The local comp...
   20352 Apr 05 19:09  Error       DCOM                        10010 The description for Event ID '10010' in Source 'DCOM' cannot be found.  The local comp...
   20351 Apr 05 19:08  Error       DCOM                        10010 The description for Event ID '10010' in Source 'DCOM' cannot be found.  The local comp...
   20350 Apr 05 19:08  Error       DCOM                        10010 The description for Event ID '10010' in Source 'DCOM' cannot be found.  The local comp...
   20349 Apr 05 19:07  Error       DCOM                        10010 The description for Event ID '10010' in Source 'DCOM' cannot be found.  The local comp...
   20348 Apr 05 19:07  Error       DCOM                        10010 The description for Event ID '10010' in Source 'DCOM' cannot be found.  The local comp...
   20347 Apr 05 18:34  Error       DCOM                        10010 The description for Event ID '10010' in Source 'DCOM' cannot be found.  The local comp...
   20346 Apr 05 18:33  Error       DCOM                        10010 The description for Event ID '10010' in Source 'DCOM' cannot be found.  The local comp...
   20345 Apr 05 18:33  Error       DCOM                        10010 The description for Event ID '10010' in Source 'DCOM' cannot be found.  The local comp...
   20344 Apr 05 18:32  Error       DCOM                        10010 The description for Event ID '10010' in Source 'DCOM' cannot be found.  The local comp...
   20343 Apr 05 18:32  Error       DCOM                        10010 The description for Event ID '10010' in Source 'DCOM' cannot be found.  The local comp...
   20342 Apr 05 18:31  Error       DCOM                        10010 The description for Event ID '10010' in Source 'DCOM' cannot be found.  The local comp...
   20341 Apr 05 18:31  Error       DCOM                        10010 The description for Event ID '10010' in Source 'DCOM' cannot be found.  The local comp...
   20340 Apr 05 18:30  Error       DCOM                        10010 The description for Event ID '10010' in Source 'DCOM' cannot be found.  The local comp...
   20339 Apr 05 18:30  Error       DCOM                        10010 The description for Event ID '10010' in Source 'DCOM' cannot be found.  The local comp...
   20338 Apr 05 18:29  Error       DCOM                        10010 The description for Event ID '10010' in Source 'DCOM' cannot be found.  The local comp...
   20337 Apr 05 18:29  Error       DCOM                        10010 The description for Event ID '10010' in Source 'DCOM' cannot be found.  The local comp...
   20336 Apr 05 18:28  Error       DCOM                        10010 The description for Event ID '10010' in Source 'DCOM' cannot be found.  The local comp...
   20330 Apr 05 16:34  Error       DCOM                        10010 The description for Event ID '10010' in Source 'DCOM' cannot be found.  The local comp...
   20329 Apr 05 16:33  Error       DCOM                        10010 The description for Event ID '10010' in Source 'DCOM' cannot be found.  The local comp...
   20328 Apr 05 16:33  Error       DCOM                        10010 The description for Event ID '10010' in Source 'DCOM' cannot be found.  The local comp...
   20327 Apr 05 16:32  Error       DCOM                        10010 The description for Event ID '10010' in Source 'DCOM' cannot be found.  The local comp...
   20326 Apr 05 16:32  Error       DCOM                        10010 The description for Event ID '10010' in Source 'DCOM' cannot be found.  The local comp...
   20325 Apr 05 16:31  Error       DCOM                        10010 The description for Event ID '10010' in Source 'DCOM' cannot be found.  The local comp...
   20324 Apr 05 16:31  Error       DCOM                        10010 The description for Event ID '10010' in Source 'DCOM' cannot be found.  The local comp...
   20323 Apr 05 16:30  Error       DCOM                        10010 The description for Event ID '10010' in Source 'DCOM' cannot be found.  The local comp...
   20322 Apr 05 16:30  Error       DCOM                        10010 The description for Event ID '10010' in Source 'DCOM' cannot be found.  The local comp...
   20321 Apr 05 16:29  Error       DCOM                        10010 The description for Event ID '10010' in Source 'DCOM' cannot be found.  The local comp...
   20320 Apr 05 16:29  Error       DCOM                        10010 The description for Event ID '10010' in Source 'DCOM' cannot be found.  The local comp...
   20319 Apr 05 16:28  Error       DCOM                        10010 The description for Event ID '10010' in Source 'DCOM' cannot be found.  The local comp...
   20316 Apr 05 14:34  Error       DCOM                        10010 The description for Event ID '10010' in Source 'DCOM' cannot be found.  The local comp...
   20315 Apr 05 14:33  Error       DCOM                        10010 The description for Event ID '10010' in Source 'DCOM' cannot be found.  The local comp...
   20314 Apr 05 14:33  Error       DCOM                        10010 The description for Event ID '10010' in Source 'DCOM' cannot be found.  The local comp...
   20313 Apr 05 14:32  Error       DCOM                        10010 The description for Event ID '10010' in Source 'DCOM' cannot be found.  The local comp...
   20312 Apr 05 14:32  Error       DCOM                        10010 The description for Event ID '10010' in Source 'DCOM' cannot be found.  The local comp...
   20311 Apr 05 14:31  Error       DCOM                        10010 The description for Event ID '10010' in Source 'DCOM' cannot be found.  The local comp...
   20310 Apr 05 14:31  Error       DCOM                        10010 The description for Event ID '10010' in Source 'DCOM' cannot be found.  The local comp...
   20309 Apr 05 14:30  Error       DCOM                        10010 The description for Event ID '10010' in Source 'DCOM' cannot be found.  The local comp...
   20308 Apr 05 14:30  Error       DCOM                        10010 The description for Event ID '10010' in Source 'DCOM' cannot be found.  The local comp...
   20307 Apr 05 14:29  Error       DCOM                        10010 The description for Event ID '10010' in Source 'DCOM' cannot be found.  The local comp...
   20306 Apr 05 14:29  Error       DCOM                        10010 The description for Event ID '10010' in Source 'DCOM' cannot be found.  The local comp...
   20305 Apr 05 14:28  Error       DCOM                        10010 The description for Event ID '10010' in Source 'DCOM' cannot be found.  The local comp...
   20304 Apr 05 14:18  Error       DCOM                        10010 The description for Event ID '10010' in Source 'DCOM' cannot be found.  The local comp...
   20303 Apr 05 14:17  Error       DCOM                        10010 The description for Event ID '10010' in Source 'DCOM' cannot be found.  The local comp...
   20302 Apr 05 14:17  Error       DCOM                        10010 The description for Event ID '10010' in Source 'DCOM' cannot be found.  The local comp...
   20301 Apr 05 14:16  Error       DCOM                        10010 The description for Event ID '10010' in Source 'DCOM' cannot be found.  The local comp...
   20300 Apr 05 14:16  Error       DCOM                        10010 The description for Event ID '10010' in Source 'DCOM' cannot be found.  The local comp...
   20299 Apr 05 14:15  Error       DCOM                        10010 The description for Event ID '10010' in Source 'DCOM' cannot be found.  The local comp...
   20298 Apr 05 14:15  Error       DCOM                        10010 The description for Event ID '10010' in Source 'DCOM' cannot be found.  The local comp...
   20297 Apr 05 14:14  Error       DCOM                        10010 The description for Event ID '10010' in Source 'DCOM' cannot be found.  The local comp...
   20296 Apr 05 14:14  Error       DCOM                        10010 The description for Event ID '10010' in Source 'DCOM' cannot be found.  The local comp...
   20295 Apr 05 14:13  Error       DCOM                        10010 The description for Event ID '10010' in Source 'DCOM' cannot be found.  The local comp...
   20294 Apr 05 14:13  Error       DCOM                        10010 The description for Event ID '10010' in Source 'DCOM' cannot be found.  The local comp...
   20293 Apr 05 14:12  Error       DCOM                        10010 The description for Event ID '10010' in Source 'DCOM' cannot be found.  The local comp...
   20260 Apr 05 11:11  Error       DCOM                        10010 The description for Event ID '10010' in Source 'DCOM' cannot be found.  The local comp...
   20255 Apr 05 11:10  Error       DCOM                        10010 The description for Event ID '10010' in Source 'DCOM' cannot be found.  The local comp...
   20246 Apr 05 11:10  Error       DCOM                        10010 The description for Event ID '10010' in Source 'DCOM' cannot be found.  The local comp...
   20213 Apr 05 11:06  Error       VBoxNetLwf             3221487628 The driver detected an internal driver error on \Device\VBoxNetLwf.                      
   20203 Apr 02 20:34  Error       DCOM                        10010 The description for Event ID '10010' in Source 'DCOM' cannot be found.  The local comp...
   20202 Apr 02 20:33  Error       DCOM                        10010 The description for Event ID '10010' in Source 'DCOM' cannot be found.  The local comp...
   20201 Apr 02 20:33  Error       DCOM                        10010 The description for Event ID '10010' in Source 'DCOM' cannot be found.  The local comp...
   20200 Apr 02 20:32  Error       DCOM                        10010 The description for Event ID '10010' in Source 'DCOM' cannot be found.  The local comp...
   20199 Apr 02 20:32  Error       DCOM                        10010 The description for Event ID '10010' in Source 'DCOM' cannot be found.  The local comp...
   20198 Apr 02 20:31  Error       DCOM                        10010 The description for Event ID '10010' in Source 'DCOM' cannot be found.  The local comp...
   20197 Apr 02 20:31  Error       DCOM                        10010 The description for Event ID '10010' in Source 'DCOM' cannot be found.  The local comp...
   20196 Apr 02 20:30  Error       DCOM                        10010 The description for Event ID '10010' in Source 'DCOM' cannot be found.  The local comp...
   20195 Apr 02 20:30  Error       DCOM                        10010 The description for Event ID '10010' in Source 'DCOM' cannot be found.  The local comp...
   20194 Apr 02 20:29  Error       DCOM                        10010 The description for Event ID '10010' in Source 'DCOM' cannot be found.  The local comp...
   20193 Apr 02 20:29  Error       DCOM                        10010 The description for Event ID '10010' in Source 'DCOM' cannot be found.  The local comp...
   20192 Apr 02 20:28  Error       DCOM                        10010 The description for Event ID '10010' in Source 'DCOM' cannot be found.  The local comp...
   20191 Apr 02 19:32  Error       DCOM                        10010 The description for Event ID '10010' in Source 'DCOM' cannot be found.  The local comp...
   20190 Apr 02 19:31  Error       DCOM                        10010 The description for Event ID '10010' in Source 'DCOM' cannot be found.  The local comp...
   20189 Apr 02 19:31  Error       DCOM                        10010 The description for Event ID '10010' in Source 'DCOM' cannot be found.  The local comp...
   20188 Apr 02 19:30  Error       DCOM                        10010 The description for Event ID '10010' in Source 'DCOM' cannot be found.  The local comp...
   20187 Apr 02 19:30  Error       DCOM                        10010 The description for Event ID '10010' in Source 'DCOM' cannot be found.  The local comp...
   20186 Apr 02 19:29  Error       DCOM                        10010 The description for Event ID '10010' in Source 'DCOM' cannot be found.  The local comp...
   20185 Apr 02 19:29  Error       DCOM                        10010 The description for Event ID '10010' in Source 'DCOM' cannot be found.  The local comp...
   20184 Apr 02 19:28  Error       DCOM                        10010 The description for Event ID '10010' in Source 'DCOM' cannot be found.  The local comp...
   20183 Apr 02 19:28  Error       DCOM                        10010 The description for Event ID '10010' in Source 'DCOM' cannot be found.  The local comp...
   20182 Apr 02 19:27  Error       DCOM                        10010 The description for Event ID '10010' in Source 'DCOM' cannot be found.  The local comp...
   20181 Apr 02 19:27  Error       DCOM                        10010 The description for Event ID '10010' in Source 'DCOM' cannot be found.  The local comp...
   20180 Apr 02 19:26  Error       DCOM                        10010 The description for Event ID '10010' in Source 'DCOM' cannot be found.  The local comp...
   20179 Apr 02 18:41  Error       DCOM                        10010 The description for Event ID '10010' in Source 'DCOM' cannot be found.  The local comp...
   20178 Apr 02 18:40  Error       DCOM                        10010 The description for Event ID '10010' in Source 'DCOM' cannot be found.  The local comp...
   20177 Apr 02 18:40  Error       DCOM                        10010 The description for Event ID '10010' in Source 'DCOM' cannot be found.  The local comp...
   20176 Apr 02 18:39  Error       DCOM                        10010 The description for Event ID '10010' in Source 'DCOM' cannot be found.  The local comp...
   20175 Apr 02 18:39  Error       DCOM                        10010 The description for Event ID '10010' in Source 'DCOM' cannot be found.  The local comp...
   20174 Apr 02 18:38  Error       DCOM                        10010 The description for Event ID '10010' in Source 'DCOM' cannot be found.  The local comp...
   20173 Apr 02 18:38  Error       DCOM                        10010 The description for Event ID '10010' in Source 'DCOM' cannot be found.  The local comp...
   20172 Apr 02 18:37  Error       DCOM                        10010 The description for Event ID '10010' in Source 'DCOM' cannot be found.  The local comp...
   20171 Apr 02 18:37  Error       DCOM                        10010 The description for Event ID '10010' in Source 'DCOM' cannot be found.  The local comp...
   20170 Apr 02 18:36  Error       DCOM                        10010 The description for Event ID '10010' in Source 'DCOM' cannot be found.  The local comp...
   20169 Apr 02 18:36  Error       DCOM                        10010 The description for Event ID '10010' in Source 'DCOM' cannot be found.  The local comp...
   20168 Apr 02 18:35  Error       DCOM                        10010 The description for Event ID '10010' in Source 'DCOM' cannot be found.  The local comp...
   20161 Apr 02 16:34  Error       DCOM                        10010 The description for Event ID '10010' in Source 'DCOM' cannot be found.  The local comp...
   20160 Apr 02 16:33  Error       DCOM                        10010 The description for Event ID '10010' in Source 'DCOM' cannot be found.  The local comp...
   20159 Apr 02 16:33  Error       DCOM                        10010 The description for Event ID '10010' in Source 'DCOM' cannot be found.  The local comp...
   20158 Apr 02 16:32  Error       DCOM                        10010 The description for Event ID '10010' in Source 'DCOM' cannot be found.  The local comp...
   20157 Apr 02 16:32  Error       DCOM                        10010 The description for Event ID '10010' in Source 'DCOM' cannot be found.  The local comp...
   20156 Apr 02 16:31  Error       DCOM                        10010 The description for Event ID '10010' in Source 'DCOM' cannot be found.  The local comp...
   20155 Apr 02 16:31  Error       DCOM                        10010 The description for Event ID '10010' in Source 'DCOM' cannot be found.  The local comp...
   20154 Apr 02 16:30  Error       DCOM                        10010 The description for Event ID '10010' in Source 'DCOM' cannot be found.  The local comp...
   20153 Apr 02 16:30  Error       DCOM                        10010 The description for Event ID '10010' in Source 'DCOM' cannot be found.  The local comp...
   20152 Apr 02 16:29  Error       DCOM                        10010 The description for Event ID '10010' in Source 'DCOM' cannot be found.  The local comp...
   20151 Apr 02 16:29  Error       DCOM                        10010 The description for Event ID '10010' in Source 'DCOM' cannot be found.  The local comp...
   20150 Apr 02 16:28  Error       DCOM                        10010 The description for Event ID '10010' in Source 'DCOM' cannot be found.  The local comp...
   20149 Apr 02 15:12  Error       DCOM                        10010 The description for Event ID '10010' in Source 'DCOM' cannot be found.  The local comp...
   20148 Apr 02 15:11  Error       DCOM                        10010 The description for Event ID '10010' in Source 'DCOM' cannot be found.  The local comp...
   20147 Apr 02 15:11  Error       DCOM                        10010 The description for Event ID '10010' in Source 'DCOM' cannot be found.  The local comp...
   20146 Apr 02 15:10  Error       DCOM                        10010 The description for Event ID '10010' in Source 'DCOM' cannot be found.  The local comp...
   20145 Apr 02 15:10  Error       DCOM                        10010 The description for Event ID '10010' in Source 'DCOM' cannot be found.  The local comp...
   20144 Apr 02 15:09  Error       DCOM                        10010 The description for Event ID '10010' in Source 'DCOM' cannot be found.  The local comp...
   20143 Apr 02 15:09  Error       DCOM                        10010 The description for Event ID '10010' in Source 'DCOM' cannot be found.  The local comp...
   20142 Apr 02 15:08  Error       DCOM                        10010 The description for Event ID '10010' in Source 'DCOM' cannot be found.  The local comp...
   20141 Apr 02 15:08  Error       DCOM                        10010 The description for Event ID '10010' in Source 'DCOM' cannot be found.  The local comp...
   20140 Apr 02 15:07  Error       DCOM                        10010 The description for Event ID '10010' in Source 'DCOM' cannot be found.  The local comp...
   20139 Apr 02 15:07  Error       DCOM                        10010 The description for Event ID '10010' in Source 'DCOM' cannot be found.  The local comp...
   20138 Apr 02 15:06  Error       DCOM                        10010 The description for Event ID '10010' in Source 'DCOM' cannot be found.  The local comp...
   20124 Apr 02 14:28  Error       DCOM                        10010 The description for Event ID '10010' in Source 'DCOM' cannot be found.  The local comp...
   20123 Apr 02 14:28  Error       DCOM                        10010 The description for Event ID '10010' in Source 'DCOM' cannot be found.  The local comp...
   20121 Apr 02 14:27  Error       DCOM                        10010 The description for Event ID '10010' in Source 'DCOM' cannot be found.  The local comp...
   20106 Apr 02 14:24  Error       VBoxNetLwf             3221487628 The driver detected an internal driver error on \Device\VBoxNetLwf.                      
   20091 Mar 31 14:05  Error       DCOM                        10010 The description for Event ID '10010' in Source 'DCOM' cannot be found.  The local comp...
   20090 Mar 31 14:05  Error       DCOM                        10010 The description for Event ID '10010' in Source 'DCOM' cannot be found.  The local comp...
   20089 Mar 31 14:04  Error       DCOM                        10010 The description for Event ID '10010' in Source 'DCOM' cannot be found.  The local comp...
   20088 Mar 31 14:03  Error       Service Control M...   3221232503 The Logi Facecam Service service terminated unexpectedly.  It has done this 7 time(s)....
   20087 Mar 31 14:03  Error       Service Control M...   3221232503 The Logi Facecam Service service terminated unexpectedly.  It has done this 6 time(s)....
   20086 Mar 31 14:03  Error       Service Control M...   3221232503 The Logi Facecam Service service terminated unexpectedly.  It has done this 5 time(s)....
   20085 Mar 31 14:03  Error       Service Control M...   3221232503 The Logi Facecam Service service terminated unexpectedly.  It has done this 4 time(s)....
   20084 Mar 31 14:03  Error       Service Control M...   3221232503 The Logi Facecam Service service terminated unexpectedly.  It has done this 3 time(s)....
   20083 Mar 31 14:03  Error       Service Control M...   3221232503 The Logi Facecam Service service terminated unexpectedly.  It has done this 2 time(s)....
   20082 Mar 31 14:03  Error       Service Control M...   3221232503 The Logi Facecam Service service terminated unexpectedly.  It has done this 1 time(s)....
   19996 Mar 30 10:29  Error       VBoxNetLwf             3221487628 The driver detected an internal driver error on \Device\VBoxNetLwf.                      
   19945 Mar 30 00:26  Error       VBoxNetLwf             3221487628 The driver detected an internal driver error on \Device\VBoxNetLwf.                      
   19863 Mar 29 08:59  Error       VBoxNetLwf             3221487628 The driver detected an internal driver error on \Device\VBoxNetLwf.                      
   19813 Mar 26 09:45  Error       VBoxNetLwf             3221487628 The driver detected an internal driver error on \Device\VBoxNetLwf.                      
   19757 Mar 24 10:34  Error       VBoxNetLwf             3221487628 The driver detected an internal driver error on \Device\VBoxNetLwf.                      
   19709 Mar 23 23:48  Error       Microsoft-Windows...           18 A fatal hardware error has occurred....                                                  
   19673 Mar 23 23:48  Error       VBoxNetLwf             3221487628 The driver detected an internal driver error on \Device\VBoxNetLwf.                      
   19605 Mar 23 23:48  Error       DCOM                        10010 The description for Event ID '10010' in Source 'DCOM' cannot be found.  The local comp...
   19604 Mar 23 23:48  Error       DCOM                        10010 The description for Event ID '10010' in Source 'DCOM' cannot be found.  The local comp...
   19549 Mar 23 23:27  Error       VBoxNetLwf             3221487628 The driver detected an internal driver error on \Device\VBoxNetLwf.                      
   19537 Mar 22 14:11  Error       usbaudio2              3225681957 The driver could not find a feedback endpoint for an asynchronous data OUT endpoint on...
   19533 Mar 22 14:09  Error       usbaudio2              3225681957 The driver could not find a feedback endpoint for an asynchronous data OUT endpoint on...
   19476 Mar 22 11:59  Error       VBoxNetLwf             3221487628 The driver detected an internal driver error on \Device\VBoxNetLwf.                      
   19353 Mar 19 12:43  Error       Netwtw08               3221230477 Intel(R) Wireless-AC 9260 160MHz : Has encountered an internal error and has failed.     
   19352 Mar 19 12:43  Error       Netwtw08               3221230474 Intel(R) Wireless-AC 9260 160MHz : Has determined that the network adapter is not func...
   19204 Mar 17 17:38  Error       Microsoft-Windows...           98 The description for Event ID '98' in Source 'Microsoft-Windows-Ntfs' cannot be found. ...
   19170 Mar 16 17:52  Error       Ntfs                           55 A corruption was discovered in the file system structure on volume C:....                
   19105 Mar 16 17:37  Error       VBoxNetLwf             3221487628 The driver detected an internal driver error on \Device\VBoxNetLwf.                      
   18954 Mar 16 11:13  Error       VBoxNetLwf             3221487628 The driver detected an internal driver error on \Device\VBoxNetLwf.                      
   18838 Mar 09 13:14  Error       VBoxNetLwf             3221487628 The driver detected an internal driver error on \Device\VBoxNetLwf.                      
   18801 Mar 09 09:43  Error       VBoxNetLwf             3221487628 The driver detected an internal driver error on \Device\VBoxNetLwf.                      
   18785 Mar 04 14:25  Error       VBoxNetLwf             3221487628 The driver detected an internal driver error on \Device\VBoxNetLwf.                      
   18170 Feb 27 10:21  Error       Tcpip                  3221229671 The system detected an address conflict for IP address 192.168.2.1 with the system...    
   18166 Feb 27 10:21  Error       VBoxNetLwf             3221487628 The driver detected an internal driver error on \Device\VBoxNetLwf.                      
   18105 Feb 22 11:25  Error       VBoxNetLwf             3221487628 The driver detected an internal driver error on \Device\VBoxNetLwf.                      
   18089 Feb 20 21:54  Error       VBoxNetLwf             3221487628 The driver detected an internal driver error on \Device\VBoxNetLwf.                      
   18065 Feb 20 15:56  Error       VBoxNetLwf             3221487628 The driver detected an internal driver error on \Device\VBoxNetLwf.                      
   17898 Feb 20 11:12  Error       VBoxNetLwf             3221487628 The driver detected an internal driver error on \Device\VBoxNetLwf.                      
   17878 Feb 19 13:02  Error       VBoxNetLwf             3221487628 The driver detected an internal driver error on \Device\VBoxNetLwf.                      
   17795 Feb 19 09:14  Error       VBoxNetLwf             3221487628 The driver detected an internal driver error on \Device\VBoxNetLwf.                      
   17762 Feb 17 15:22  Error       VBoxNetLwf             3221487628 The driver detected an internal driver error on \Device\VBoxNetLwf.                      
   17650 Feb 17 00:14  Error       Microsoft-Windows...           18 A fatal hardware error has occurred....                                                  
   17649 Feb 17 00:14  Error       Microsoft-Windows...           18 A fatal hardware error has occurred....                                                  
   17624 Feb 17 00:13  Error       VBoxNetLwf             3221487628 The driver detected an internal driver error on \Device\VBoxNetLwf.                      
   17567 Feb 17 00:12  Error       VBoxNetLwf             3221487628 The driver detected an internal driver error on \Device\VBoxNetLwf.                      
   17548 Feb 16 23:55  Error       VBoxNetLwf             3221487628 The driver detected an internal driver error on \Device\VBoxNetLwf.                      
   17534 Feb 16 16:52  Error       VBoxNetLwf             3221487628 The driver detected an internal driver error on \Device\VBoxNetLwf.                      
   17509 Feb 16 11:50  Error       Microsoft-Windows...           20 Installation Failure: Windows failed to install the following update with error 0x8007...
   17477 Feb 16 11:34  Error       VBoxNetLwf             3221487628 The driver detected an internal driver error on \Device\VBoxNetLwf.                      
   17386 Feb 10 09:50  Error       BugCheck               1073742825 The description for Event ID '1073742825' in Source 'BugCheck' cannot be found.  The l...
   17349 Feb 10 09:50  Error       VBoxNetLwf             3221487628 The driver detected an internal driver error on \Device\VBoxNetLwf.                      
   17321 Feb 10 09:50  Error       EventLog               2147489656 The previous system shutdown at 10:58:32 PM on ‎2/‎4/‎2021 was unexpected.               
   17309 Feb 10 09:50  Error       Microsoft-Windows...           16 The description for Event ID '16' in Source 'Microsoft-Windows-Kernel-Boot' cannot be ...
   17178 Feb 03 10:46  Error       VBoxNetLwf             3221487628 The driver detected an internal driver error on \Device\VBoxNetLwf.                      
   17059 Feb 01 16:51  Error       Netwtw08               3221230477 Intel(R) Wireless-AC 9260 160MHz : Has encountered an internal error and has failed.     
   17058 Feb 01 16:51  Error       Netwtw08               3221230474 Intel(R) Wireless-AC 9260 160MHz : Has determined that the network adapter is not func...
   17028 Feb 01 13:58  Error       VBoxNetLwf             3221487628 The driver detected an internal driver error on \Device\VBoxNetLwf.                      
   16993 Feb 01 12:20  Error       VBoxNetLwf             3221487628 The driver detected an internal driver error on \Device\VBoxNetLwf.                      
   16944 Jan 25 13:30  Error       VBoxNetLwf             3221487628 The driver detected an internal driver error on \Device\VBoxNetLwf.                      
   16819 Jan 21 10:12  Error       VBoxNetLwf             3221487628 The driver detected an internal driver error on \Device\VBoxNetLwf.                      
   16800 Jan 20 15:21  Error       VBoxNetLwf             3221487628 The driver detected an internal driver error on \Device\VBoxNetLwf.                      
   16728 Jan 20 11:38  Error       VBoxNetLwf             3221487628 The driver detected an internal driver error on \Device\VBoxNetLwf.                      
   16671 Jan 18 10:15  Error       VBoxNetLwf             3221487628 The driver detected an internal driver error on \Device\VBoxNetLwf.                      
   16641 Jan 14 16:33  Error       VBoxNetLwf             3221487628 The driver detected an internal driver error on \Device\VBoxNetLwf.                      
   16565 Jan 13 23:53  Error       VBoxNetLwf             3221487628 The driver detected an internal driver error on \Device\VBoxNetLwf.                      
   16506 Jan 13 23:52  Error       VBoxNetLwf             3221487628 The driver detected an internal driver error on \Device\VBoxNetLwf.                      
   16489 Jan 13 23:35  Error       VBoxNetLwf             3221487628 The driver detected an internal driver error on \Device\VBoxNetLwf.                      
   16459 Jan 13 14:19  Error       VBoxNetLwf             3221487628 The driver detected an internal driver error on \Device\VBoxNetLwf.                      
   16437 Jan 13 09:46  Error       volsnap                3221618724 The shadow copies of volume C: were aborted because the shadow copy storage could not ...
   16349 Jan 13 09:29  Error       VBoxNetLwf             3221487628 The driver detected an internal driver error on \Device\VBoxNetLwf.                      
   16278 Jan 12 10:32  Error       VBoxNetLwf             3221487628 The driver detected an internal driver error on \Device\VBoxNetLwf.                      
   16221 Jan 05 16:47  Error       Microsoft-Windows...           20 Installation Failure: Windows failed to install the following update with error 0x8007...
   16162 Jan 05 16:45  Error       VBoxNetLwf             3221487628 The driver detected an internal driver error on \Device\VBoxNetLwf.                      
   16134 Jan 05 16:45  Error       EventLog               2147489656 The previous system shutdown at 9:55:47 AM on ‎12/‎19/‎2020 was unexpected.              
   16122 Jan 05 16:45  Error       Microsoft-Windows...           29 The description for Event ID '29' in Source 'Microsoft-Windows-Kernel-Boot' cannot be ...
   16090 Jan 02 17:49  Error       VBoxNetLwf             3221487628 The driver detected an internal driver error on \Device\VBoxNetLwf.                      
   16079 Dec 19 10:02  Error       DCOM                        10010 The description for Event ID '10010' in Source 'DCOM' cannot be found.  The local comp...
   16031 Dec 19 09:38  Error       VBoxNetLwf             3221487628 The driver detected an internal driver error on \Device\VBoxNetLwf.                      
   16021 Dec 16 00:00  Error       DCOM                        10010 The description for Event ID '10010' in Source 'DCOM' cannot be found.  The local comp...
   15852 Dec 14 08:58  Error       Microsoft-Windows...           10 A TCG Command has returned an error....                                                  
   15846 Dec 14 08:58  Error       VBoxNetLwf             3221487628 The driver detected an internal driver error on \Device\VBoxNetLwf.                      
   15751 Dec 11 17:27  Error       Microsoft-Windows...           10 A TCG Command has returned an error....                                                  
   15745 Dec 11 17:27  Error       VBoxNetLwf             3221487628 The driver detected an internal driver error on \Device\VBoxNetLwf.                      
   15652 Dec 11 08:57  Error       VBoxNetLwf             3221487628 The driver detected an internal driver error on \Device\VBoxNetLwf.                      
   15481 Dec 09 08:58  Error       VBoxNetLwf             3221487628 The driver detected an internal driver error on \Device\VBoxNetLwf.                      
   15409 Dec 08 09:05  Error       VBoxNetLwf             3221487628 The driver detected an internal driver error on \Device\VBoxNetLwf.                      
   15401 Dec 07 18:00  Error       volsnap                3221618713 The shadow copies of volume C: were deleted because the shadow copy storage could not ...
   15296 Dec 07 09:00  Error       VBoxNetLwf             3221487628 The driver detected an internal driver error on \Device\VBoxNetLwf.                      
   15269 Dec 06 22:03  Error       VBoxNetLwf             3221487628 The driver detected an internal driver error on \Device\VBoxNetLwf.                      
   15232 Dec 06 10:50  Error       VBoxNetLwf             3221487628 The driver detected an internal driver error on \Device\VBoxNetLwf.                      
   15095 Dec 04 11:14  Error       Microsoft-Windows...           10 A TCG Command has returned an error....                                                  
   15089 Dec 04 11:14  Error       VBoxNetLwf             3221487628 The driver detected an internal driver error on \Device\VBoxNetLwf.                      
   15003 Dec 04 09:00  Error       VBoxNetLwf             3221487628 The driver detected an internal driver error on \Device\VBoxNetLwf.                      
   14969 Dec 03 22:14  Error       VBoxNetLwf             3221487628 The driver detected an internal driver error on \Device\VBoxNetLwf.                      
   14839 Dec 02 13:05  Error       VBoxNetLwf             3221487628 The driver detected an internal driver error on \Device\VBoxNetLwf.                      
   14805 Dec 02 08:47  Error       VBoxNetLwf             3221487628 The driver detected an internal driver error on \Device\VBoxNetLwf.                      
   14758 Dec 01 23:28  Error       VBoxNetLwf             3221487628 The driver detected an internal driver error on \Device\VBoxNetLwf.                      
   14717 Dec 01 14:06  Error       Schannel                    36874 An TLS 1.1 connection request was received from a remote client application, but none ...
   14716 Dec 01 14:06  Error       Schannel                    36874 An TLS 1.1 connection request was received from a remote client application, but none ...
   14715 Dec 01 14:06  Error       Schannel                    36874 An TLS 1.1 connection request was received from a remote client application, but none ...
   14714 Dec 01 14:06  Error       Schannel                    36874 An TLS 1.1 connection request was received from a remote client application, but none ...
   14713 Dec 01 14:06  Error       Schannel                    36874 An TLS 1.1 connection request was received from a remote client application, but none ...
   14712 Dec 01 14:06  Error       Schannel                    36874 An TLS 1.1 connection request was received from a remote client application, but none ...
   14711 Dec 01 14:06  Error       Schannel                    36874 An TLS 1.1 connection request was received from a remote client application, but none ...
   14710 Dec 01 14:06  Error       Schannel                    36874 An TLS 1.1 connection request was received from a remote client application, but none ...
   14709 Dec 01 14:06  Error       Schannel                    36874 An TLS 1.1 connection request was received from a remote client application, but none ...
   14708 Dec 01 14:06  Error       Schannel                    36874 An TLS 1.1 connection request was received from a remote client application, but none ...
   14707 Dec 01 14:06  Error       Schannel                    36874 An TLS 1.0 connection request was received from a remote client application, but none ...
   14706 Dec 01 14:06  Error       Schannel                    36874 An TLS 1.0 connection request was received from a remote client application, but none ...
   14705 Dec 01 14:06  Error       Schannel                    36874 An TLS 1.0 connection request was received from a remote client application, but none ...
   14704 Dec 01 14:06  Error       Schannel                    36874 An TLS 1.0 connection request was received from a remote client application, but none ...
   14703 Dec 01 14:06  Error       Schannel                    36874 An TLS 1.0 connection request was received from a remote client application, but none ...
   14702 Dec 01 14:06  Error       Schannel                    36874 An TLS 1.0 connection request was received from a remote client application, but none ...
   14701 Dec 01 14:06  Error       Schannel                    36874 An TLS 1.0 connection request was received from a remote client application, but none ...
   14700 Dec 01 14:06  Error       Schannel                    36874 An TLS 1.0 connection request was received from a remote client application, but none ...
   14699 Dec 01 14:06  Error       Schannel                    36874 An TLS 1.0 connection request was received from a remote client application, but none ...
   14698 Dec 01 14:06  Error       Schannel                    36874 An TLS 1.0 connection request was received from a remote client application, but none ...
   14697 Dec 01 14:06  Error       Schannel                    36874 An TLS 1.2 connection request was received from a remote client application, but none ...
   14696 Dec 01 14:06  Error       Schannel                    36874 An TLS 1.1 connection request was received from a remote client application, but none ...
   14695 Dec 01 14:06  Error       Schannel                    36874 An TLS 1.0 connection request was received from a remote client application, but none ...
   14694 Dec 01 14:06  Error       Schannel                    36874 An TLS 1.0 connection request was received from a remote client application, but none ...
   14693 Dec 01 14:06  Error       Schannel                    36874 An TLS 1.1 connection request was received from a remote client application, but none ...
   14692 Dec 01 14:06  Error       Schannel                    36874 An TLS 1.1 connection request was received from a remote client application, but none ...
   14691 Dec 01 14:06  Error       Schannel                    36874 An TLS 1.2 connection request was received from a remote client application, but none ...
   14683 Dec 01 12:03  Error       Schannel                    36874 An TLS 1.1 connection request was received from a remote client application, but none ...
   14682 Dec 01 12:03  Error       Schannel                    36874 An TLS 1.1 connection request was received from a remote client application, but none ...
   14681 Dec 01 12:03  Error       Schannel                    36874 An TLS 1.1 connection request was received from a remote client application, but none ...
   14680 Dec 01 12:03  Error       Schannel                    36874 An TLS 1.1 connection request was received from a remote client application, but none ...
   14679 Dec 01 12:03  Error       Schannel                    36874 An TLS 1.1 connection request was received from a remote client application, but none ...
   14678 Dec 01 12:03  Error       Schannel                    36874 An TLS 1.1 connection request was received from a remote client application, but none ...
   14677 Dec 01 12:03  Error       Schannel                    36874 An TLS 1.1 connection request was received from a remote client application, but none ...
   14676 Dec 01 12:03  Error       Schannel                    36874 An TLS 1.1 connection request was received from a remote client application, but none ...
   14675 Dec 01 12:03  Error       Schannel                    36874 An TLS 1.1 connection request was received from a remote client application, but none ...
   14674 Dec 01 12:03  Error       Schannel                    36874 An TLS 1.1 connection request was received from a remote client application, but none ...
   14673 Dec 01 12:02  Error       Schannel                    36874 An TLS 1.0 connection request was received from a remote client application, but none ...
   14672 Dec 01 12:02  Error       Schannel                    36874 An TLS 1.0 connection request was received from a remote client application, but none ...
   14671 Dec 01 12:02  Error       Schannel                    36874 An TLS 1.0 connection request was received from a remote client application, but none ...
   14670 Dec 01 12:02  Error       Schannel                    36874 An TLS 1.0 connection request was received from a remote client application, but none ...
   14669 Dec 01 12:02  Error       Schannel                    36874 An TLS 1.0 connection request was received from a remote client application, but none ...
   14668 Dec 01 12:02  Error       Schannel                    36874 An TLS 1.0 connection request was received from a remote client application, but none ...
   14667 Dec 01 12:02  Error       Schannel                    36874 An TLS 1.0 connection request was received from a remote client application, but none ...
   14666 Dec 01 12:02  Error       Schannel                    36874 An TLS 1.0 connection request was received from a remote client application, but none ...
   14665 Dec 01 12:02  Error       Schannel                    36874 An TLS 1.0 connection request was received from a remote client application, but none ...
   14664 Dec 01 12:02  Error       Schannel                    36874 An TLS 1.0 connection request was received from a remote client application, but none ...
   14663 Dec 01 12:02  Error       Schannel                    36874 An TLS 1.2 connection request was received from a remote client application, but none ...
   14662 Dec 01 12:02  Error       Schannel                    36874 An TLS 1.1 connection request was received from a remote client application, but none ...
   14661 Dec 01 12:02  Error       Schannel                    36874 An TLS 1.0 connection request was received from a remote client application, but none ...
   14660 Dec 01 12:02  Error       Schannel                    36874 An TLS 1.0 connection request was received from a remote client application, but none ...
   14659 Dec 01 12:02  Error       Schannel                    36874 An TLS 1.1 connection request was received from a remote client application, but none ...
   14658 Dec 01 12:02  Error       Schannel                    36874 An TLS 1.1 connection request was received from a remote client application, but none ...
   14657 Dec 01 12:02  Error       Schannel                    36874 An TLS 1.2 connection request was received from a remote client application, but none ...
   14634 Dec 01 08:58  Error       VBoxNetLwf             3221487628 The driver detected an internal driver error on \Device\VBoxNetLwf.                      
   14502 Nov 30 08:51  Error       VBoxNetLwf             3221487628 The driver detected an internal driver error on \Device\VBoxNetLwf.                      
   14483 Nov 25 22:18  Error       VBoxNetLwf             3221487628 The driver detected an internal driver error on \Device\VBoxNetLwf.                      
   14383 Nov 25 09:02  Error       VBoxNetLwf             3221487628 The driver detected an internal driver error on \Device\VBoxNetLwf.                      
   14307 Nov 24 09:03  Error       VBoxNetLwf             3221487628 The driver detected an internal driver error on \Device\VBoxNetLwf.                      
   14243 Nov 23 17:00  Error       VBoxNetLwf             3221487628 The driver detected an internal driver error on \Device\VBoxNetLwf.                      
   14242 Nov 23 17:00  Error       Service Control M...   3221232472 The Npcap Packet Driver (NPCAP) (Wi-Fi) service failed to start due to the following e...
   14240 Nov 23 17:00  Error       VBoxNetLwf             3221487628 The driver detected an internal driver error on \Device\VBoxNetLwf.                      
   14182 Nov 23 08:59  Error       VBoxNetLwf             3221487628 The driver detected an internal driver error on \Device\VBoxNetLwf.                      
   14148 Nov 22 22:56  Error       VBoxNetLwf             3221487628 The driver detected an internal driver error on \Device\VBoxNetLwf.                      
   14125 Nov 20 23:07  Error       VBoxNetLwf             3221487628 The driver detected an internal driver error on \Device\VBoxNetLwf.                      
   13946 Nov 20 18:31  Error       Microsoft-Windows...           10 A TCG Command has returned an error....                                                  
   13940 Nov 20 18:31  Error       VBoxNetLwf             3221487628 The driver detected an internal driver error on \Device\VBoxNetLwf.                      
   13883 Nov 20 18:15  Error       VBoxNetLwf             3221487628 The driver detected an internal driver error on \Device\VBoxNetLwf.                      
   13833 Nov 20 13:06  Error       VBoxNetLwf             3221487628 The driver detected an internal driver error on \Device\VBoxNetLwf.                      
   13804 Nov 20 08:58  Error       VBoxNetLwf             3221487628 The driver detected an internal driver error on \Device\VBoxNetLwf.                      
   13708 Nov 20 00:22  Error       Microsoft-Windows...           10 A TCG Command has returned an error....                                                  
   13702 Nov 20 00:22  Error       VBoxNetLwf             3221487628 The driver detected an internal driver error on \Device\VBoxNetLwf.                      
   13676 Nov 20 00:22  Error       EventLog               2147489656 The previous system shutdown at 12:16:27 AM on ‎11/‎20/‎2020 was unexpected.             
   13625 Nov 20 00:16  Error       VBoxNetLwf             3221487628 The driver detected an internal driver error on \Device\VBoxNetLwf.                      
   13599 Nov 20 00:16  Error       EventLog               2147489656 The previous system shutdown at 5:57:14 PM on ‎11/‎19/‎2020 was unexpected.              
   13585 Nov 20 00:12  Error       Microsoft-Windows...           20 Installation Failure: Windows failed to install the following update with error 0x800f...
   13553 Nov 20 00:08  Error       VBoxNetLwf             3221487628 The driver detected an internal driver error on \Device\VBoxNetLwf.                      
   13493 Nov 19 13:08  Error       VBoxNetLwf             3221487628 The driver detected an internal driver error on \Device\VBoxNetLwf.                      
   13446 Nov 19 09:00  Error       VBoxNetLwf             3221487628 The driver detected an internal driver error on \Device\VBoxNetLwf.                      
   13428 Nov 18 23:06  Error       VBoxNetLwf             3221487628 The driver detected an internal driver error on \Device\VBoxNetLwf.                      
   13371 Nov 18 13:07  Error       VBoxNetLwf             3221487628 The driver detected an internal driver error on \Device\VBoxNetLwf.                      
   13336 Nov 18 08:53  Error       Microsoft-Windows...           20 Installation Failure: Windows failed to install the following update with error 0x8024...
   13316 Nov 18 08:52  Error       VBoxNetLwf             3221487628 The driver detected an internal driver error on \Device\VBoxNetLwf.                      
   13280 Nov 17 22:30  Error       VBoxNetLwf             3221487628 The driver detected an internal driver error on \Device\VBoxNetLwf.                      
   13263 Nov 17 13:20  Error       VBoxNetLwf             3221487628 The driver detected an internal driver error on \Device\VBoxNetLwf.                      
   13164 Nov 17 09:07  Error       VBoxNetLwf             3221487628 The driver detected an internal driver error on \Device\VBoxNetLwf.                      
   13072 Nov 16 18:07  Error       VBoxNetLwf             3221487628 The driver detected an internal driver error on \Device\VBoxNetLwf.                      
   12999 Nov 16 13:37  Error       VBoxNetLwf             3221487628 The driver detected an internal driver error on \Device\VBoxNetLwf.                      
   12918 Nov 16 08:59  Error       VBoxNetLwf             3221487628 The driver detected an internal driver error on \Device\VBoxNetLwf.                      
   12896 Nov 15 23:57  Error       Microsoft-Windows...           20 Installation Failure: Windows failed to install the following update with error 0x8024...
   12887 Nov 15 23:57  Error       Microsoft-Windows...           20 Installation Failure: Windows failed to install the following update with error 0x8007...
   12882 Nov 15 23:57  Error       VBoxNetLwf             3221487628 The driver detected an internal driver error on \Device\VBoxNetLwf.                      
   12824 Nov 13 13:03  Error       VBoxNetLwf             3221487628 The driver detected an internal driver error on \Device\VBoxNetLwf.                      
   12789 Nov 13 09:02  Error       VBoxNetLwf             3221487628 The driver detected an internal driver error on \Device\VBoxNetLwf.                      
   12654 Nov 12 08:58  Error       VBoxNetLwf             3221487628 The driver detected an internal driver error on \Device\VBoxNetLwf.                      
   12628 Nov 12 08:58  Error       EventLog               2147489656 The previous system shutdown at 1:57:36 AM on ‎11/‎12/‎2020 was unexpected.              
   12616 Nov 12 08:58  Error       Microsoft-Windows...           29 The description for Event ID '29' in Source 'Microsoft-Windows-Kernel-Boot' cannot be ...
   12539 Nov 11 09:07  Error       VBoxNetLwf             3221487628 The driver detected an internal driver error on \Device\VBoxNetLwf.                      
   12452 Nov 10 08:52  Error       VBoxNetLwf             3221487628 The driver detected an internal driver error on \Device\VBoxNetLwf.                      
   12365 Nov 10 03:59  Error       VBoxNetLwf             3221487628 The driver detected an internal driver error on \Device\VBoxNetLwf.                      
   12094 Nov 09 08:41  Error       VBoxNetLwf             3221487628 The driver detected an internal driver error on \Device\VBoxNetLwf.                      
   12068 Nov 09 08:41  Error       EventLog               2147489656 The previous system shutdown at 7:52:27 PM on ‎11/‎6/‎2020 was unexpected.               
   12056 Nov 09 08:41  Error       Microsoft-Windows...           29 The description for Event ID '29' in Source 'Microsoft-Windows-Kernel-Boot' cannot be ...
   11960 Nov 06 09:00  Error       VBoxNetLwf             3221487628 The driver detected an internal driver error on \Device\VBoxNetLwf.                      
   11829 Nov 04 23:25  Error       VBoxNetLwf             3221487628 The driver detected an internal driver error on \Device\VBoxNetLwf.                      
   11726 Nov 04 08:58  Error       VBoxNetLwf             3221487628 The driver detected an internal driver error on \Device\VBoxNetLwf.                      
   11652 Nov 03 08:58  Error       VBoxNetLwf             3221487628 The driver detected an internal driver error on \Device\VBoxNetLwf.                      
   11564 Nov 02 14:06  Error       VBoxNetLwf             3221487628 The driver detected an internal driver error on \Device\VBoxNetLwf.                      
   11460 Nov 02 08:59  Error       VBoxNetLwf             3221487628 The driver detected an internal driver error on \Device\VBoxNetLwf.                      
   11424 Nov 01 14:59  Error       VBoxNetLwf             3221487628 The driver detected an internal driver error on \Device\VBoxNetLwf.                      
   11328 Oct 30 09:07  Error       VBoxNetLwf             3221487628 The driver detected an internal driver error on \Device\VBoxNetLwf.                      
   11306 Oct 29 22:56  Error       VBoxNetLwf             3221487628 The driver detected an internal driver error on \Device\VBoxNetLwf.                      
   11216 Oct 29 13:04  Error       VBoxNetLwf             3221487628 The driver detected an internal driver error on \Device\VBoxNetLwf.                      
   11090 Oct 28 09:04  Error       VBoxNetLwf             3221487628 The driver detected an internal driver error on \Device\VBoxNetLwf.                      
   11075 Oct 28 00:01  Error       LsaSrv                       6041 A CredSSP authentication to TERMSRV/192.168.1.34 failed to negotiate a common protocol...
   11068 Oct 27 22:32  Error       VBoxNetLwf             3221487628 The driver detected an internal driver error on \Device\VBoxNetLwf.                      
   11034 Oct 27 18:10  Error       Microsoft-Windows...           20 Installation Failure: Windows failed to install the following update with error 0x8024...
   11032 Oct 27 18:10  Error       Microsoft-Windows...           20 Installation Failure: Windows failed to install the following update with error 0x8024...
   11022 Oct 27 18:06  Error       Service Control M...   3221232472 The sesshijack service failed to start due to the following error: ...                   
   11021 Oct 27 18:06  Error       Service Control M...   3221232481 A timeout was reached (30000 milliseconds) while waiting for the sesshijack service to...
   11019 Oct 27 18:05  Error       Service Control M...   3221232472 The sesshijack service failed to start due to the following error: ...                   
   11018 Oct 27 18:05  Error       Service Control M...   3221232481 A timeout was reached (30000 milliseconds) while waiting for the sesshijack service to...
   11016 Oct 27 18:04  Error       Service Control M...   3221232472 The sesshijack service failed to start due to the following error: ...                   
   11015 Oct 27 18:04  Error       Service Control M...   3221232481 A timeout was reached (30000 milliseconds) while waiting for the sesshijack service to...
   10968 Oct 27 17:41  Error       Service Control M...   3221232472 The sesshijack service failed to start due to the following error: ...                   
   10967 Oct 27 17:41  Error       Service Control M...   3221232481 A timeout was reached (30000 milliseconds) while waiting for the sesshijack service to...
   10966 Oct 27 17:41  Error       Service Control M...   3221232472 The sesshijack service failed to start due to the following error: ...                   
   10965 Oct 27 17:41  Error       Service Control M...   3221232481 A timeout was reached (30000 milliseconds) while waiting for the sesshijack service to...
   10964 Oct 27 17:32  Error       Service Control M...   3221232472 The sesshijack service failed to start due to the following error: ...                   
   10963 Oct 27 17:32  Error       Service Control M...   3221232481 A timeout was reached (30000 milliseconds) while waiting for the sesshijack service to...
   10962 Oct 27 17:28  Error       Service Control M...   3221232472 The sesshijack service failed to start due to the following error: ...                   
   10961 Oct 27 17:28  Error       Service Control M...   3221232481 A timeout was reached (30000 milliseconds) while waiting for the sesshijack service to...
   10931 Oct 27 13:00  Error       VBoxNetLwf             3221487628 The driver detected an internal driver error on \Device\VBoxNetLwf.                      
   10852 Oct 27 09:06  Error       VBoxNetLwf             3221487628 The driver detected an internal driver error on \Device\VBoxNetLwf.                      
   10785 Oct 26 22:33  Error       Microsoft-Windows...           98 The description for Event ID '98' in Source 'Microsoft-Windows-Ntfs' cannot be found. ...
   10784 Oct 26 22:33  Error       Microsoft-Windows...           98 The description for Event ID '98' in Source 'Microsoft-Windows-Ntfs' cannot be found. ...
   10761 Oct 26 22:14  Error       VBoxNetLwf             3221487628 The driver detected an internal driver error on \Device\VBoxNetLwf.                      
   10741 Oct 26 13:41  Error       Ntfs                           55 A corruption was discovered in the file system structure on volume C:....                
   10727 Oct 26 13:26  Error       VBoxNetLwf             3221487628 The driver detected an internal driver error on \Device\VBoxNetLwf.                      
   10645 Oct 26 08:35  Error       VBoxNetLwf             3221487628 The driver detected an internal driver error on \Device\VBoxNetLwf.                      
   10546 Oct 23 13:01  Error       VBoxNetLwf             3221487628 The driver detected an internal driver error on \Device\VBoxNetLwf.                      
   10460 Oct 23 08:36  Error       VBoxNetLwf             3221487628 The driver detected an internal driver error on \Device\VBoxNetLwf.                      
   10441 Oct 22 22:18  Error       VBoxNetLwf             3221487628 The driver detected an internal driver error on \Device\VBoxNetLwf.                      
   10380 Oct 22 13:03  Error       VBoxNetLwf             3221487628 The driver detected an internal driver error on \Device\VBoxNetLwf.                      
   10322 Oct 22 08:59  Error       VBoxNetLwf             3221487628 The driver detected an internal driver error on \Device\VBoxNetLwf.                      
   10286 Oct 21 22:32  Error       VBoxNetLwf             3221487628 The driver detected an internal driver error on \Device\VBoxNetLwf.                      
   10205 Oct 21 08:59  Error       VBoxNetLwf             3221487628 The driver detected an internal driver error on \Device\VBoxNetLwf.                      
   10038 Oct 20 09:06  Error       VBoxNetLwf             3221487628 The driver detected an internal driver error on \Device\VBoxNetLwf.                      
    9956 Oct 19 13:39  Error       VBoxNetLwf             3221487628 The driver detected an internal driver error on \Device\VBoxNetLwf.                      
    9883 Oct 19 08:41  Error       VBoxNetLwf             3221487628 The driver detected an internal driver error on \Device\VBoxNetLwf.                      
    9820 Oct 18 03:47  Error       VBoxNetLwf             3221487628 The driver detected an internal driver error on \Device\VBoxNetLwf.                      
    9673 Oct 16 13:00  Error       VBoxNetLwf             3221487628 The driver detected an internal driver error on \Device\VBoxNetLwf.                      
    9635 Oct 16 08:56  Error       VBoxNetLwf             3221487628 The driver detected an internal driver error on \Device\VBoxNetLwf.                      
    9513 Oct 15 12:54  Error       VBoxNetLwf             3221487628 The driver detected an internal driver error on \Device\VBoxNetLwf.                      
    9432 Oct 15 09:52  Error       Service Control M...   3221232503 The Trend Micro Common Client Solution Framework service terminated unexpectedly.  It ...
    9419 Oct 15 09:46  Error       Service Control M...   3221232503 The Trend Micro Common Client Solution Framework service terminated unexpectedly.  It ...
    9391 Oct 15 08:57  Error       VBoxNetLwf             3221487628 The driver detected an internal driver error on \Device\VBoxNetLwf.                      
    9344 Oct 14 22:33  Error       VBoxNetLwf             3221487628 The driver detected an internal driver error on \Device\VBoxNetLwf.                      
    9227 Oct 14 15:12  Error       VBoxNetLwf             3221487628 The driver detected an internal driver error on \Device\VBoxNetLwf.                      
    9179 Oct 14 15:12  Error       Service Control M...   3221232515 The Trend Micro Security Agent Listener service did not shut down properly after recei...
    9177 Oct 14 15:12  Error       Service Control M...   3221232503 The Trend Micro Common Client Solution Framework service terminated unexpectedly.  It ...
    9118 Oct 14 14:54  Error       VBoxNetLwf             3221487628 The driver detected an internal driver error on \Device\VBoxNetLwf.                      
    9070 Oct 14 14:54  Error       Service Control M...   3221232515 The Trend Micro Security Agent Listener service did not shut down properly after recei...
    9068 Oct 14 14:54  Error       Service Control M...   3221232503 The Trend Micro Common Client Solution Framework service terminated unexpectedly.  It ...
    9050 Oct 14 14:46  Error       VBoxNetLwf             3221487628 The driver detected an internal driver error on \Device\VBoxNetLwf.                      
    9011 Oct 14 13:42  Error       Service Control M...   3221232472 The tmumh service failed to start due to the following error: ...                        
    9010 Oct 14 13:42  Error       Service Control M...   3221232472 The tmumh service failed to start due to the following error: ...                        
    8970 Oct 14 13:41  Error       VBoxNetLwf             3221487628 The driver detected an internal driver error on \Device\VBoxNetLwf.                      
    8919 Oct 14 13:39  Error       Service Control M...   3221232472 The TMUMH service failed to start due to the following error: ...                        
    8918 Oct 14 13:39  Error       Service Control M...   3221232472 The TMUMH service failed to start due to the following error: ...                        
    8812 Oct 14 09:05  Error       VBoxNetLwf             3221487628 The driver detected an internal driver error on \Device\VBoxNetLwf.                      
    8786 Oct 14 09:05  Error       EventLog               2147489656 The previous system shutdown at 5:11:01 AM on ‎10/‎14/‎2020 was unexpected.              
    8774 Oct 14 09:05  Error       Microsoft-Windows...           29 The description for Event ID '29' in Source 'Microsoft-Windows-Kernel-Boot' cannot be ...
    8751 Oct 14 04:25  Error       VBoxNetLwf             3221487628 The driver detected an internal driver error on \Device\VBoxNetLwf.                      
    8582 Oct 13 12:09  Error       VBoxNetLwf             3221487628 The driver detected an internal driver error on \Device\VBoxNetLwf.                      
    8531 Oct 13 12:05  Error       DCOM                        10010 The description for Event ID '10010' in Source 'DCOM' cannot be found.  The local comp...
    8530 Oct 13 12:05  Error       DCOM                        10010 The description for Event ID '10010' in Source 'DCOM' cannot be found.  The local comp...
    8529 Oct 13 12:05  Error       DCOM                        10010 The description for Event ID '10010' in Source 'DCOM' cannot be found.  The local comp...
    8528 Oct 13 12:05  Error       DCOM                        10010 The description for Event ID '10010' in Source 'DCOM' cannot be found.  The local comp...
    8495 Oct 13 12:05  Error       VBoxNetLwf             3221487628 The driver detected an internal driver error on \Device\VBoxNetLwf.                      
    8429 Oct 13 09:54  Error       DCOM                        10028 The description for Event ID '10028' in Source 'DCOM' cannot be found.  The local comp...
    8425 Oct 13 09:07  Error       DCOM                        10028 The description for Event ID '10028' in Source 'DCOM' cannot be found.  The local comp...
    8407 Oct 13 09:05  Error       VBoxNetLwf             3221487628 The driver detected an internal driver error on \Device\VBoxNetLwf.                      
    8338 Oct 12 18:51  Error       DCOM                        10028 The description for Event ID '10028' in Source 'DCOM' cannot be found.  The local comp...
    8185 Oct 12 09:00  Error       VBoxNetLwf             3221487628 The driver detected an internal driver error on \Device\VBoxNetLwf.                      
    8044 Oct 09 14:15  Error       VBoxNetLwf             3221487628 The driver detected an internal driver error on \Device\VBoxNetLwf.                      
    7944 Oct 09 14:02  Error       VBoxNetLwf             3221487628 The driver detected an internal driver error on \Device\VBoxNetLwf.                      
    7842 Oct 09 13:55  Error       VBoxNetLwf             3221487628 The driver detected an internal driver error on \Device\VBoxNetLwf.                      
    7729 Oct 09 13:51  Error       VBoxNetLwf             3221487628 The driver detected an internal driver error on \Device\VBoxNetLwf.                      
    7665 Oct 09 13:50  Error       DCOM                        10005 The description for Event ID '10005' in Source 'DCOM' cannot be found.  The local comp...
    7618 Oct 09 13:48  Error       VBoxNetLwf             3221487628 The driver detected an internal driver error on \Device\VBoxNetLwf.                      
    7564 Oct 09 13:48  Error       DCOM                        10005 The description for Event ID '10005' in Source 'DCOM' cannot be found.  The local comp...
    7519 Oct 09 13:47  Error       VBoxNetLwf             3221487628 The driver detected an internal driver error on \Device\VBoxNetLwf.                      
    7450 Oct 09 13:34  Error       Service Control M...   3221232506 The Docker Desktop Service service terminated unexpectedly.  It has done this 1 time(s). 
    7380 Oct 09 08:59  Error       Microsoft-Windows...           18 A fatal hardware error has occurred....                                                  
    7354 Oct 09 08:59  Error       VBoxNetLwf             3221487628 The driver detected an internal driver error on \Device\VBoxNetLwf.                      
    7309 Oct 09 08:59  Error       EventLog               2147489656 The previous system shutdown at 5:21:14 PM on ‎10/‎8/‎2020 was unexpected.               
    7198 Oct 08 13:21  Error       VBoxNetLwf             3221487628 The driver detected an internal driver error on \Device\VBoxNetLwf.                      
    7122 Oct 08 13:18  Error       VBoxNetLwf             3221487628 The driver detected an internal driver error on \Device\VBoxNetLwf.                      
    7117 Oct 08 13:18  Error       Service Control M...   3221232472 The VMSP service failed to start due to the following error: ...                         
    7116 Oct 08 13:18  Error       Service Control M...   3221232473 The hns service depends on the VfpExt service which failed to start because of the fol...
    7084 Oct 08 13:18  Error       VBoxNetLwf             3221487628 The driver detected an internal driver error on \Device\VBoxNetLwf.                      
    7026 Oct 08 13:18  Error       DCOM                        10010 The description for Event ID '10010' in Source 'DCOM' cannot be found.  The local comp...
    7008 Oct 08 13:16  Error       VBoxNetLwf             3221487628 The driver detected an internal driver error on \Device\VBoxNetLwf.                      
    6951 Oct 07 22:01  Error       VBoxNetLwf             3221487628 The driver detected an internal driver error on \Device\VBoxNetLwf.                      
    6795 Oct 07 09:34  Error       VBoxNetLwf             3221487628 The driver detected an internal driver error on \Device\VBoxNetLwf.                      
    6770 Oct 07 00:08  Error       VBoxNetLwf             3221487628 The driver detected an internal driver error on \Device\VBoxNetLwf.                      
    6673 Oct 06 13:14  Error       VBoxNetLwf             3221487628 The driver detected an internal driver error on \Device\VBoxNetLwf.                      
    6643 Oct 06 08:58  Error       VBoxNetLwf             3221487628 The driver detected an internal driver error on \Device\VBoxNetLwf.                      
    6585 Oct 05 10:13  Error       VBoxNetLwf             3221487628 The driver detected an internal driver error on \Device\VBoxNetLwf.                      
    6477 Oct 05 08:48  Error       VBoxNetLwf             3221487628 The driver detected an internal driver error on \Device\VBoxNetLwf.                      
    6410 Oct 04 21:35  Error       VBoxNetLwf             3221487628 The driver detected an internal driver error on \Device\VBoxNetLwf.                      
    6351 Sep 25 09:02  Error       VBoxNetLwf             3221487628 The driver detected an internal driver error on \Device\VBoxNetLwf.                      
    6295 Sep 24 08:41  Error       VBoxNetLwf             3221487628 The driver detected an internal driver error on \Device\VBoxNetLwf.                      
    6228 Sep 23 08:58  Error       VBoxNetLwf             3221487628 The driver detected an internal driver error on \Device\VBoxNetLwf.                      
    6176 Sep 22 09:00  Error       VBoxNetLwf             3221487628 The driver detected an internal driver error on \Device\VBoxNetLwf.                      
    6160 Sep 21 14:41  Error       VBoxNetLwf             3221487628 The driver detected an internal driver error on \Device\VBoxNetLwf.                      
    6126 Sep 21 08:58  Error       VBoxNetLwf             3221487628 The driver detected an internal driver error on \Device\VBoxNetLwf.                      
    6066 Sep 20 19:24  Error       VBoxNetLwf             3221487628 The driver detected an internal driver error on \Device\VBoxNetLwf.                      
    5965 Sep 20 12:57  Error       VBoxNetLwf             3221487628 The driver detected an internal driver error on \Device\VBoxNetLwf.                      
    5946 Sep 18 13:25  Error       VBoxNetLwf             3221487628 The driver detected an internal driver error on \Device\VBoxNetLwf.                      
    5915 Sep 18 09:00  Error       VBoxNetLwf             3221487628 The driver detected an internal driver error on \Device\VBoxNetLwf.                      
    5907 Sep 17 23:27  Error       DCOM                        10028 The description for Event ID '10028' in Source 'DCOM' cannot be found.  The local comp...
    5895 Sep 17 22:30  Error       VBoxNetLwf             3221487628 The driver detected an internal driver error on \Device\VBoxNetLwf.                      
    5856 Sep 17 20:23  Error       VBoxNetLwf             3221487628 The driver detected an internal driver error on \Device\VBoxNetLwf.                      
    5834 Sep 17 17:10  Error       DCOM                        10028 The description for Event ID '10028' in Source 'DCOM' cannot be found.  The local comp...
    5833 Sep 17 16:51  Error       DCOM                        10028 The description for Event ID '10028' in Source 'DCOM' cannot be found.  The local comp...
    5832 Sep 17 16:46  Error       DCOM                        10028 The description for Event ID '10028' in Source 'DCOM' cannot be found.  The local comp...
    5831 Sep 17 16:22  Error       DCOM                        10028 The description for Event ID '10028' in Source 'DCOM' cannot be found.  The local comp...
    5828 Sep 17 15:56  Error       DCOM                        10028 The description for Event ID '10028' in Source 'DCOM' cannot be found.  The local comp...
    5827 Sep 17 15:43  Error       DCOM                        10028 The description for Event ID '10028' in Source 'DCOM' cannot be found.  The local comp...
    5817 Sep 17 14:50  Error       DCOM                        10028 The description for Event ID '10028' in Source 'DCOM' cannot be found.  The local comp...
    5808 Sep 17 13:56  Error       DCOM                        10028 The description for Event ID '10028' in Source 'DCOM' cannot be found.  The local comp...
    5802 Sep 17 13:26  Error       VBoxNetLwf             3221487628 The driver detected an internal driver error on \Device\VBoxNetLwf.                      
    5738 Sep 17 08:53  Error       VBoxNetLwf             3221487628 The driver detected an internal driver error on \Device\VBoxNetLwf.                      
    5723 Sep 17 02:18  Error       VBoxNetLwf             3221487628 The driver detected an internal driver error on \Device\VBoxNetLwf.                      
    5699 Sep 16 22:17  Error       VBoxNetLwf             3221487628 The driver detected an internal driver error on \Device\VBoxNetLwf.                      
    5651 Sep 16 13:30  Error       VBoxNetLwf             3221487628 The driver detected an internal driver error on \Device\VBoxNetLwf.                      
    5620 Sep 16 09:00  Error       VBoxNetLwf             3221487628 The driver detected an internal driver error on \Device\VBoxNetLwf.                      
    5602 Sep 15 21:57  Error       VBoxNetLwf             3221487628 The driver detected an internal driver error on \Device\VBoxNetLwf.                      
    5588 Sep 15 20:10  Error       VBoxNetLwf             3221487628 The driver detected an internal driver error on \Device\VBoxNetLwf.                      
    5524 Sep 15 13:30  Error       VBoxNetLwf             3221487628 The driver detected an internal driver error on \Device\VBoxNetLwf.                      
    5469 Sep 15 13:15  Error       VBoxNetLwf             3221487628 The driver detected an internal driver error on \Device\VBoxNetLwf.                      
    5438 Sep 15 08:47  Error       VBoxNetLwf             3221487628 The driver detected an internal driver error on \Device\VBoxNetLwf.                      
    5413 Sep 14 21:57  Error       VBoxNetLwf             3221487628 The driver detected an internal driver error on \Device\VBoxNetLwf.                      
    5374 Sep 14 13:20  Error       VBoxNetLwf             3221487628 The driver detected an internal driver error on \Device\VBoxNetLwf.                      
    5290 Sep 14 09:07  Error       VBoxNetLwf             3221487628 The driver detected an internal driver error on \Device\VBoxNetLwf.                      
    5266 Sep 14 09:07  Error       EventLog               2147489656 The previous system shutdown at 1:34:50 AM on ‎9/‎14/‎2020 was unexpected.               
    5254 Sep 14 09:07  Error       Microsoft-Windows...           29 The description for Event ID '29' in Source 'Microsoft-Windows-Kernel-Boot' cannot be ...
    4293 Sep 13 14:30  Error       VBoxNetLwf             3221487628 The driver detected an internal driver error on \Device\VBoxNetLwf.                      
    4048 Sep 13 11:02  Error       VBoxNetLwf             3221487628 The driver detected an internal driver error on \Device\VBoxNetLwf.                      
    3989 Sep 13 08:18  Error       VBoxNetLwf             3221487628 The driver detected an internal driver error on \Device\VBoxNetLwf.                      
    3971 Sep 13 08:12  Error       VBoxNetLwf             3221487628 The driver detected an internal driver error on \Device\VBoxNetLwf.                      
    3922 Sep 13 07:46  Error       VBoxNetLwf             3221487628 The driver detected an internal driver error on \Device\VBoxNetLwf.                      
    3289 Sep 12 20:52  Error       VBoxNetLwf             3221487628 The driver detected an internal driver error on \Device\VBoxNetLwf.                      
    3265 Sep 12 20:52  Error       EventLog               2147489656 The previous system shutdown at 2:46:45 AM on ‎9/‎12/‎2020 was unexpected.               
    3253 Sep 12 20:52  Error       Microsoft-Windows...           29 The description for Event ID '29' in Source 'Microsoft-Windows-Kernel-Boot' cannot be ...
    3212 Sep 12 02:46  Error       VBoxNetLwf             3221487628 The driver detected an internal driver error on \Device\VBoxNetLwf.                      
    3132 Sep 11 23:39  Error       VBoxNetLwf             3221487628 The driver detected an internal driver error on \Device\VBoxNetLwf.                      
    3071 Sep 11 09:03  Error       VBoxNetLwf             3221487628 The driver detected an internal driver error on \Device\VBoxNetLwf.                      
    2994 Sep 11 02:54  Error       VBoxNetLwf             3221487628 The driver detected an internal driver error on \Device\VBoxNetLwf.                      
    2892 Sep 10 23:38  Error       VBoxNetLwf             3221487628 The driver detected an internal driver error on \Device\VBoxNetLwf.                      
    2854 Sep 10 09:05  Error       VBoxNetLwf             3221487628 The driver detected an internal driver error on \Device\VBoxNetLwf.                      
    2824 Sep 09 23:19  Error       VBoxNetLwf             3221487628 The driver detected an internal driver error on \Device\VBoxNetLwf.                      
    2771 Sep 09 11:04  Error       BugCheck               1073742825 The description for Event ID '1073742825' in Source 'BugCheck' cannot be found.  The l...
    2739 Sep 09 11:04  Error       VBoxNetLwf             3221487628 The driver detected an internal driver error on \Device\VBoxNetLwf.                      
    2715 Sep 09 11:04  Error       EventLog               2147489656 The previous system shutdown at 10:47:01 AM on ‎9/‎9/‎2020 was unexpected.               
    2678 Sep 09 09:32  Error       VBoxNetLwf             3221487628 The driver detected an internal driver error on \Device\VBoxNetLwf.                      
    2626 Sep 08 22:24  Error       VBoxNetLwf             3221487628 The driver detected an internal driver error on \Device\VBoxNetLwf.                      
    2597 Sep 08 13:24  Error       VBoxNetLwf             3221487628 The driver detected an internal driver error on \Device\VBoxNetLwf.                      
    2531 Sep 07 11:06  Error       VBoxNetLwf             3221487628 The driver detected an internal driver error on \Device\VBoxNetLwf.                      
    2512 Sep 07 01:08  Error       VBoxNetLwf             3221487628 The driver detected an internal driver error on \Device\VBoxNetLwf.                      
    2442 Sep 06 23:23  Error       VBoxNetLwf             3221487628 The driver detected an internal driver error on \Device\VBoxNetLwf.                      
    2421 Sep 03 14:01  Error       VBoxNetLwf             3221487628 The driver detected an internal driver error on \Device\VBoxNetLwf.                      
    2410 Sep 03 12:28  Error       VBoxNetLwf             3221487628 The driver detected an internal driver error on \Device\VBoxNetLwf.                      
    2357 Sep 03 09:04  Error       VBoxNetLwf             3221487628 The driver detected an internal driver error on \Device\VBoxNetLwf.                      
    2338 Sep 02 21:53  Error       VBoxNetLwf             3221487628 The driver detected an internal driver error on \Device\VBoxNetLwf.                      
    2297 Sep 02 13:10  Error       VBoxNetLwf             3221487628 The driver detected an internal driver error on \Device\VBoxNetLwf.                      
    2221 Sep 02 09:23  Error       VBoxNetLwf             3221487628 The driver detected an internal driver error on \Device\VBoxNetLwf.                      
    2184 Sep 01 13:11  Error       VBoxNetLwf             3221487628 The driver detected an internal driver error on \Device\VBoxNetLwf.                      
    2135 Sep 01 10:19  Error       VBoxNetLwf             3221487628 The driver detected an internal driver error on \Device\VBoxNetLwf.                      
    2111 Sep 01 10:19  Error       EventLog               2147489656 The previous system shutdown at 9:52:05 AM on ‎9/‎1/‎2020 was unexpected.                
    2079 Sep 01 09:00  Error       VBoxNetLwf             3221487628 The driver detected an internal driver error on \Device\VBoxNetLwf.                      
    2064 Aug 31 20:22  Error       VBoxNetLwf             3221487628 The driver detected an internal driver error on \Device\VBoxNetLwf.                      
    2045 Aug 31 13:11  Error       VBoxNetLwf             3221487628 The driver detected an internal driver error on \Device\VBoxNetLwf.                      
    1983 Aug 31 10:45  Error       BugCheck               1073742825 The description for Event ID '1073742825' in Source 'BugCheck' cannot be found.  The l...
    1950 Aug 31 10:45  Error       VBoxNetLwf             3221487628 The driver detected an internal driver error on \Device\VBoxNetLwf.                      
    1926 Aug 31 10:45  Error       EventLog               2147489656 The previous system shutdown at 1:56:47 PM on ‎8/‎29/‎2020 was unexpected.               
    1908 Aug 31 10:43  Error       VBoxNetLwf             3221487628 The driver detected an internal driver error on \Device\VBoxNetLwf.                      
    1901 Aug 31 10:43  Error       Ntfs                          131 The file system structure on volume C: cannot be corrected....                           
    1900 Aug 31 10:43  Error       Ntfs                           55 A corruption was discovered in the file system structure on volume C:....                
    1899 Aug 31 10:43  Error       Microsoft-Windows...           98 The description for Event ID '98' in Source 'Microsoft-Windows-Ntfs' cannot be found. ...
    1883 Aug 29 12:46  Error       VBoxNetLwf             3221487628 The driver detected an internal driver error on \Device\VBoxNetLwf.                      
    1865 Aug 29 10:08  Error       VBoxNetLwf             3221487628 The driver detected an internal driver error on \Device\VBoxNetLwf.                      
    1836 Aug 28 22:32  Error       VBoxNetLwf             3221487628 The driver detected an internal driver error on \Device\VBoxNetLwf.                      
    1826 Aug 28 13:48  Error       VBoxNetLwf             3221487628 The driver detected an internal driver error on \Device\VBoxNetLwf.                      
    1810 Aug 28 13:04  Error       VBoxNetLwf             3221487628 The driver detected an internal driver error on \Device\VBoxNetLwf.                      
    1791 Aug 28 10:21  Error       volsnap                3221618724 The shadow copies of volume C: were aborted because the shadow copy storage could not ...
    1725 Aug 28 10:03  Error       VBoxNetLwf             3221487628 The driver detected an internal driver error on \Device\VBoxNetLwf.                      
    1689 Aug 21 21:23  Error       VBoxNetLwf             3221487628 The driver detected an internal driver error on \Device\VBoxNetLwf.                      
    1649 Aug 21 08:57  Error       VBoxNetLwf             3221487628 The driver detected an internal driver error on \Device\VBoxNetLwf.                      
    1606 Aug 20 17:30  Error       VBoxNetLwf             3221487628 The driver detected an internal driver error on \Device\VBoxNetLwf.                      
    1547 Aug 20 12:09  Error       VBoxNetLwf             3221487628 The driver detected an internal driver error on \Device\VBoxNetLwf.                      
    1469 Aug 20 07:59  Error       VBoxNetLwf             3221487628 The driver detected an internal driver error on \Device\VBoxNetLwf.                      
    1396 Aug 19 21:14  Error       VBoxNetLwf             3221487628 The driver detected an internal driver error on \Device\VBoxNetLwf.                      
    1372 Aug 19 21:14  Error       EventLog               2147489656 The previous system shutdown at 4:19:17 PM on ‎8/‎19/‎2020 was unexpected.               
    1360 Aug 19 21:13  Error       Microsoft-Windows...           29 The description for Event ID '29' in Source 'Microsoft-Windows-Kernel-Boot' cannot be ...
    1336 Aug 19 12:46  Error       VBoxNetLwf             3221487628 The driver detected an internal driver error on \Device\VBoxNetLwf.                      
    1314 Aug 19 08:16  Error       VBoxNetLwf             3221487628 The driver detected an internal driver error on \Device\VBoxNetLwf.                      
    1286 Aug 18 13:01  Error       VBoxNetLwf             3221487628 The driver detected an internal driver error on \Device\VBoxNetLwf.                      
    1259 Aug 18 09:21  Error       VBoxNetLwf             3221487628 The driver detected an internal driver error on \Device\VBoxNetLwf.                      
    1258 Aug 18 09:21  Error       Service Control M...   3221232472 The Npcap Packet Driver (NPCAP) (Wi-Fi) service failed to start due to the following e...
    1256 Aug 18 09:21  Error       VBoxNetLwf             3221487628 The driver detected an internal driver error on \Device\VBoxNetLwf.                      
    1198 Aug 18 09:12  Error       VBoxNetLwf             3221487628 The driver detected an internal driver error on \Device\VBoxNetLwf.                      
    1104 Aug 18 09:10  Error       VBoxNetLwf             3221487628 The driver detected an internal driver error on \Device\VBoxNetLwf.                      
     593 Aug 18 08:34  Error       VBoxNetLwf             3221487628 The driver detected an internal driver error on \Device\VBoxNetLwf.                      
     546 Aug 18 08:21  Error       DCOM                        10005 The description for Event ID '10005' in Source 'DCOM' cannot be found.  The local comp...
     513 Aug 18 08:20  Error       VBoxNetLwf             3221487628 The driver detected an internal driver error on \Device\VBoxNetLwf.                      
     402 Aug 18 08:01  Error       VBoxNetLwf             3221487628 The driver detected an internal driver error on \Device\VBoxNetLwf.                      
     370 Aug 18 08:01  Error       Microsoft-Windows...           29 The description for Event ID '29' in Source 'Microsoft-Windows-Kernel-Boot' cannot be ...
     365 Aug 18 08:01  Error       EventLog               2147489656 The previous system shutdown at 2:32:57 AM on ‎8/‎18/‎2020 was unexpected.               
     361 Aug 18 02:31  Error       VBoxNetLwf             3221487628 The driver detected an internal driver error on \Device\VBoxNetLwf.                      
     246 Aug 18 16:54  Error       Service Control M...   3221232502 The Printer Extensions and Notifications service is marked as an interactive service. ...
      59 Aug 18 16:51  Error       Service Control M...   3221232495 The netprofm service terminated with the following error: ...                            


